BL51 BANKED LINKER/LOCATER V6.22.2.0                                                    04/21/2023  10:38:39  PAGE 1


BL51 BANKED LINKER/LOCATER V6.22.2.0, INVOKED BY:
C:\KEIL_V5\C51\BIN\BL51.EXE .\obj\main.obj, .\obj\init380.obj, .\SYS19.LIB, .\obj\Isd4004Spi.obj TO .\obj\ceshi PRINT (.
>> \ceshi.m51) RAMSIZE (256) DISABLEWARNING (16) XDATA (0X0000-0X0FFF)


MEMORY MODEL: LARGE WITH FLOATING POINT ARITHMETIC


INPUT MODULES INCLUDED:
  .\obj\main.obj (MAIN)
  .\obj\init380.obj (INIT380)
  .\SYS19.LIB (DELAY)
  .\SYS19.LIB (INITSYS)
  .\SYS19.LIB (LCD)
  .\SYS19.LIB (SHAPE)
  .\SYS19.LIB (TOUCH)
  .\SYS19.LIB (24C32SYS)
  .\SYS19.LIB (I2CSYS)
  .\obj\Isd4004Spi.obj (ISD4004SPI)
  C:\KEIL_V5\C51\LIB\C51FPL.LIB (?C?FPADD)
  C:\KEIL_V5\C51\LIB\C51FPL.LIB (?C?FPMUL)
  C:\KEIL_V5\C51\LIB\C51FPL.LIB (?C?FPDIV)
  C:\KEIL_V5\C51\LIB\C51FPL.LIB (?C?FCAST)
  C:\KEIL_V5\C51\LIB\C51FPL.LIB (?C?CASTF)
  C:\KEIL_V5\C51\LIB\C51FPL.LIB (PRINTF)
  C:\KEIL_V5\C51\LIB\C51FPL.LIB (SQRT)
  C:\KEIL_V5\C51\LIB\C51FPL.LIB (SIN)
  C:\KEIL_V5\C51\LIB\C51FPL.LIB (?C?FPGETOPN)
  C:\KEIL_V5\C51\LIB\C51FPL.LIB (?C?FPROUND)
  C:\KEIL_V5\C51\LIB\C51FPL.LIB (?C?FPCONVERT)
  C:\KEIL_V5\C51\LIB\C51FPL.LIB (?C?FPSERIES)
  C:\KEIL_V5\C51\LIB\C51FPL.LIB (?C?FTNPWR)
  C:\KEIL_V5\C51\LIB\C51L.LIB (?C_STARTUP)
  C:\KEIL_V5\C51\LIB\C51L.LIB (?C?CLDPTR)
  C:\KEIL_V5\C51\LIB\C51L.LIB (?C?CLDOPTR)
  C:\KEIL_V5\C51\LIB\C51L.LIB (?C?CSTPTR)
  C:\KEIL_V5\C51\LIB\C51L.LIB (?C?CSTOPTR)
  C:\KEIL_V5\C51\LIB\C51L.LIB (?C?IMUL)
  C:\KEIL_V5\C51\LIB\C51L.LIB (?C?SIDIV)
  C:\KEIL_V5\C51\LIB\C51L.LIB (?C?IILDX)
  C:\KEIL_V5\C51\LIB\C51L.LIB (?C?ILDIX)
  C:\KEIL_V5\C51\LIB\C51L.LIB (?C?ILDPTR)
  C:\KEIL_V5\C51\LIB\C51L.LIB (?C?ILDOPTR)
  C:\KEIL_V5\C51\LIB\C51L.LIB (?C?ISTPTR)
  C:\KEIL_V5\C51\LIB\C51L.LIB (?C?LMUL)
  C:\KEIL_V5\C51\LIB\C51L.LIB (?C?SLDIV)
  C:\KEIL_V5\C51\LIB\C51L.LIB (?C?LNEG)
  C:\KEIL_V5\C51\LIB\C51L.LIB (?C?LLDXDATA)
  C:\KEIL_V5\C51\LIB\C51L.LIB (?C?LLDCODE)
  C:\KEIL_V5\C51\LIB\C51L.LIB (?C?LLDXDATA0)
  C:\KEIL_V5\C51\LIB\C51L.LIB (?C?LLDCODE0)
  C:\KEIL_V5\C51\LIB\C51L.LIB (?C?LSTXDATA)
  C:\KEIL_V5\C51\LIB\C51L.LIB (?C?LSTKXDATA)
  C:\KEIL_V5\C51\LIB\C51L.LIB (?C?OFFXADD)
  C:\KEIL_V5\C51\LIB\C51L.LIB (?C?PLDIXDATA)
  C:\KEIL_V5\C51\LIB\C51L.LIB (?C?PSTXDATA)
  C:\KEIL_V5\C51\LIB\C51L.LIB (?C?CCASE)
  C:\KEIL_V5\C51\LIB\C51L.LIB (ABS)
BL51 BANKED LINKER/LOCATER V6.22.2.0                                                  04/21/2023  10:38:39  PAGE 2


  C:\KEIL_V5\C51\LIB\C51L.LIB (STRLEN)
  C:\KEIL_V5\C51\LIB\C51L.LIB (?C_INIT)
  C:\KEIL_V5\C51\LIB\C51L.LIB (?C?UIDIV)
  C:\KEIL_V5\C51\LIB\C51L.LIB (?C?ULDIV)


LINK MAP OF MODULE:  .\obj\ceshi (MAIN)


            TYPE    BASE      LENGTH    RELOCATION   SEGMENT NAME
            -----------------------------------------------------

            * * * * * * *   D A T A   M E M O R Y   * * * * * * *
            REG     0000H     0008H     ABSOLUTE     "REG BANK 0"
            DATA    0008H     0005H     UNIT         _DATA_GROUP_
                    000DH     0013H                  *** GAP ***
            BIT     0020H.0   0001H.1   UNIT         _BIT_GROUP_
            BIT     0021H.1   0000H.1   UNIT         ?BI?_W24C32?24C32SYS
                    0021H.2   0000H.6                *** GAP ***
            IDATA   0022H     0001H     UNIT         ?STACK

            * * * * * * *  X D A T A   M E M O R Y  * * * * * * *
            XDATA   0000H     01CAH     UNIT         ?XD?MAIN
            XDATA   01CAH     0140H     UNIT         ?XD?SHAPE
            XDATA   030AH     0064H     UNIT         _XDATA_GROUP_
            XDATA   036EH     001EH     UNIT         ?XD?_LCD_DRAWLINE?SHAPE
            XDATA   038CH     001EH     UNIT         ?XD?_LCD_FILLTRIANGLE?SHAPE
            XDATA   03AAH     001EH     UNIT         ?XD?TOUCHCAL?TOUCH
            XDATA   03C8H     0017H     UNIT         ?XD?LCD
            XDATA   03DFH     0014H     UNIT         ?XD?_LCD_PRINTNUMF?LCD
            XDATA   03F3H     0010H     UNIT         ?XD?_ISALARMDETECTED?MAIN
            XDATA   0403H     0010H     UNIT         ?XD?_LCD_FILLCIRCLE?SHAPE
            XDATA   0413H     000FH     UNIT         ?XD?_LCD_DRAWBITMAP8?LCD
            XDATA   0422H     000FH     UNIT         ?XD?_LCD_DRAWBITMAP16?LCD
            XDATA   0431H     000EH     UNIT         ?XD?_LCD_DRAWCIRCLE?SHAPE
            XDATA   043FH     000EH     UNIT         ?XD?_LCD_DRAWTRIANGLE?SHAPE
            XDATA   044DH     000DH     UNIT         ?XD?_LCD_PRINTHEB2C?LCD
            XDATA   045AH     000CH     UNIT         ?XD?_LCD_PRINTCENTER?LCD
            XDATA   0466H     000CH     UNIT         ?XD?_LCD_PRINTHEBCENTER?LCD
            XDATA   0472H     000BH     UNIT         ?XD?_LCD_PRINTHEBC?LCD
            XDATA   047DH     000AH     UNIT         ?XD?_LCD_PRINTNUMI?LCD
            XDATA   0487H     000AH     UNIT         ?XD?_LCD_PRINTNUMB?LCD
            XDATA   0491H     000AH     UNIT         ?XD?_LCD_DRAWFASTHLINE?SHAPE
            XDATA   049BH     000AH     UNIT         ?XD?_LCD_DRAWRECT?SHAPE
            XDATA   04A5H     000AH     UNIT         ?XD?__DRAW_CIRCLE_8?SHAPE
            XDATA   04AFH     0008H     UNIT         ?XD?TOUCH
            XDATA   04B7H     0007H     UNIT         ?XD?_INT2BIN?LCD
            XDATA   04BEH     0006H     UNIT         ?XD?_LCD_PRINTHEB?LCD
            XDATA   04C4H     0006H     UNIT         ?XD?_BYTE2BIN?LCD
            XDATA   04CAH     0006H     UNIT         ?XD?_SWAP?SHAPE
            XDATA   04D0H     0005H     UNIT         ?XD?_LCD_PRINTNUMC?LCD
            XDATA   04D5H     0005H     UNIT         ?XD?_LCD_PRINTNUMH?LCD
            XDATA   04DAH     0005H     UNIT         ?XD?READSTATUS?ISD4004SPI
            XDATA   04DFH     0004H     UNIT         ?XD?_W24C32?24C32SYS
            XDATA   04E3H     0003H     UNIT         ?XD?_LCD_PRINTLN?LCD
            XDATA   04E6H     0003H     UNIT         ?XD?_PLAY?ISD4004SPI

BL51 BANKED LINKER/LOCATER V6.22.2.0                                                  04/21/2023  10:38:39  PAGE 3


            * * * * * * *   C O D E   M E M O R Y   * * * * * * *
            CODE    0000H     0003H     ABSOLUTE     
            CODE    0003H     0913H     UNIT         ?C?LIB_CODE
            CODE    0916H     05AEH     UNIT         ?PR?_LCD_FILLTRIANGLE?SHAPE
            CODE    0EC4H     0483H     UNIT         ?PR?PRINTF?PRINTF
            CODE    1347H     03CFH     UNIT         ?PR?MAIN?MAIN
            CODE    1716H     036AH     UNIT         ?CO?LCD
            CODE    1A80H     0364H     UNIT         ?PR?ISALARMDETECTED2?MAIN
            CODE    1DE4H     02A8H     UNIT         ?PR?_GOERTZEL_MAG?MAIN
            CODE    208CH     0284H     UNIT         ?PR?_LCD_DRAWLINE?SHAPE
            CODE    2310H     0274H     UNIT         ?PR?MENUSCREEN?MAIN
            CODE    2584H     025CH     UNIT         ?PR?_PUTCHAR5_7_2COLOR?LCD
            CODE    27E0H     0253H     UNIT         ?PR?_LCD_FILLCIRCLEHELPER?SHAPE
            CODE    2A33H     0243H     UNIT         ?PR?_LCD_DRAWBUTTON?SHAPE
            CODE    2C76H     023CH     UNIT         ?PR?INITSYS?INITSYS
            CODE    2EB2H     021CH     UNIT         ?PR?TOUCHCAL?TOUCH
            CODE    30CEH     01FFH     UNIT         ?PR?_ISALARMDETECTED?MAIN
            CODE    32CDH     01F3H     UNIT         ?CO?MAIN
            CODE    34C0H     01E1H     UNIT         ?PR?START_WORK?MAIN
            CODE    36A1H     01B7H     UNIT         ?PR?_PUTCHAR5_7?LCD
            CODE    3858H     01A7H     UNIT         ?PR?__DRAW_CIRCLE_8?SHAPE
            CODE    39FFH     0192H     UNIT         ?PR?LCD_BEGIN?LCD
            CODE    3B91H     0188H     UNIT         ?PR?SIN?SIN
            CODE    3D19H     0157H     UNIT         ?PR?_LCD_FILLROUNDRECT?SHAPE
            CODE    3E70H     0145H     UNIT         ?PR?_LCD_FILLCIRCLE?SHAPE
            CODE    3FB5H     0141H     UNIT         ?PR?_LCD_PRINTHEB?LCD
            CODE    40F6H     0133H     UNIT         ?PR?_LCD_PRINTLN?LCD
            CODE    4229H     012DH     UNIT         ?PR?_BUTTONTOUCH?SHAPE
            CODE    4356H     0110H     UNIT         ?PR?_LCD_WRITE?LCD
            CODE    4466H     010BH     UNIT         ?PR?_LCD_DRAWBITMAP8?LCD
            CODE    4571H     0103H     UNIT         ?PR?_LCD_DRAWCIRCLE?SHAPE
            CODE    4674H     00FBH     UNIT         ?PR?READX?TOUCH
            CODE    476FH     00FBH     UNIT         ?PR?READY?TOUCH
            CODE    486AH     00EEH     UNIT         ?PR?_LCD_FILLRECT?SHAPE
            CODE    4958H     00E7H     UNIT         ?PR?_LCD_DRAWBITMAP16?LCD
            CODE    4A3FH     00DCH     UNIT         ?PR?_LCD_PRINT?LCD
            CODE    4B1BH     00D7H     UNIT         ?PR?READTOUCHY?TOUCH
            CODE    4BF2H     00D2H     UNIT         ?PR?_MAP?TOUCH
            CODE    4CC4H     00CDH     UNIT         ?PR?_LCD_DRAWRECT?SHAPE
            CODE    4D91H     00C1H     UNIT         ?PR?READTOUCHX?TOUCH
            CODE    4E52H     00B8H     UNIT         ?PR?RECORD_ALL_MEASEGES?MAIN
            CODE    4F0AH     00ACH     UNIT         ?PR?SQRT?SQRT
            CODE    4FB6H     00A5H     UNIT         ?PR?_LCD_DRAWTRIANGLE?SHAPE
            CODE    505BH     009DH     UNIT         ?PR?TEST_PLAY_ALL?MAIN
            CODE    50F8H     0096H     UNIT         ?PR?_LCD_DRAWFASTVLINE?SHAPE
            CODE    518EH     0093H     UNIT         ?PR?_INT2BIN?LCD
            CODE    5221H     0093H     UNIT         ?PR?_BYTE2BIN?LCD
            CODE    52B4H     008EH     UNIT         ?PR?_LCD_DRAWFASTHLINE?SHAPE
            CODE    5342H     008CH     UNIT         ?C_C51STARTUP
            CODE    53CEH     0088H     UNIT         ?PR?_LCD_PRINTCENTER?LCD
            CODE    5456H     0088H     UNIT         ?PR?_LCD_PRINTHEBCENTER?LCD
            CODE    54DEH     0081H     UNIT         ?PR?_LCD_FILLSCREEN?LCD
            CODE    555FH     007DH     UNIT         ?PR?_WRITEBYTE?I2CSYS
            CODE    55DCH     0079H     UNIT         ?PR?READBYTE?I2CSYS
            CODE    5655H     0072H     UNIT         ?PR?_RECORD?ISD4004SPI
            CODE    56C7H     0060H     UNIT         ?PR?_LCD_SETROTATION?LCD
            CODE    5727H     005BH     UNIT         ?PR?_LCD_PRINTNUMB?LCD
BL51 BANKED LINKER/LOCATER V6.22.2.0                                                  04/21/2023  10:38:39  PAGE 4


            CODE    5782H     0050H     UNIT         ?CO?TOUCH
            CODE    57D2H     004DH     UNIT         ?PR?_LCD_SETADDRWINDOW?LCD
            CODE    581FH     004DH     UNIT         ?PR?_R24C32?24C32SYS
            CODE    586CH     0048H     UNIT         ?PR?_LCD_DRAWPIXEL?LCD
            CODE    58B4H     0047H     UNIT         ?PR?_PLAYI?ISD4004SPI
            CODE    58FBH     0044H     UNIT         ?C?LDIV
            CODE    593FH     0043H     UNIT         ?PR?_SWAP?SHAPE
            CODE    5982H     0043H     UNIT         ?PR?_W24C32?24C32SYS
            CODE    59C5H     0042H     UNIT         ?PR?LCD_SETPARAM?LCD
            CODE    5A07H     0041H     UNIT         ?PR?_SPIWRITEADDCODE?ISD4004SPI
            CODE    5A48H     003FH     UNIT         ?PR?_PLAY?ISD4004SPI
            CODE    5A87H     003CH     UNIT         ?PR?READFROMCHARFROM7843?TOUCH
            CODE    5AC3H     003BH     UNIT         ?PR?READSTATUS?ISD4004SPI
            CODE    5AFEH     0035H     UNIT         ?PR?_REVERSE?ISD4004SPI
            CODE    5B33H     0034H     UNIT         ?PR?_WRITECHARTO7843?TOUCH
            CODE    5B67H     0032H     UNIT         ?PR?_SERVO2?MAIN
            CODE    5B99H     002EH     UNIT         ?PR?_LCD_PRINT2C?LCD
            CODE    5BC7H     002DH     UNIT         ?PR?_LCD_PRINTHEBLN?LCD
            CODE    5BF4H     002CH     UNIT         ?PR?_TOUCHSET?TOUCH
            CODE    5C20H     0027H     UNIT         ?PR?_SERVO?MAIN
            CODE    5C47H     0027H     UNIT         ?PR?_LCD_PRINTC?LCD
            CODE    5C6EH     0026H     UNIT         ?PR?_LCD_PRINTNUMI?LCD
            CODE    5C94H     0026H     UNIT         ?PR?_LCD_PRINTNUMH?LCD
            CODE    5CBAH     0024H     UNIT         ?PR?_DELAY_US?DELAY
            CODE    5CDEH     0024H     UNIT         ?PR?_LCD_PRINTNUMF?LCD
            CODE    5D02H     0024H     UNIT         ?PR?_PUTCHAR?LCD
            CODE    5D26H     0024H     UNIT         ?PR?LCD_CLEARBUTTON?SHAPE
            CODE    5D4AH     0023H     UNIT         ?PR?_LCD_PRINTNUMC?LCD
            CODE    5D6DH     0022H     UNIT         ?PR?_LCD_SETTEXT2COLOR?LCD
            CODE    5D8FH     0020H     UNIT         ?PR?_DELAY_MS?DELAY
            CODE    5DAFH     001FH     UNIT         ?PR?_SPIWRITE?ISD4004SPI
            CODE    5DCEH     001DH     UNIT         ?PR?_ADS_READ_AD?TOUCH
            CODE    5DEBH     001AH     UNIT         ?PR?_LCD_PRINTHEBC?LCD
            CODE    5E05H     0019H     UNIT         ?C_INITSEG
            CODE    5E1EH     0018H     UNIT         ?PR?_ADC_IN?MAIN
            CODE    5E36H     0018H     UNIT         ?PR?INIT_DEVICE?INIT380
            CODE    5E4EH     0016H     UNIT         ?PR?PORT_IO_INIT?INIT380
            CODE    5E64H     0015H     UNIT         ?PR?_LCD_PRINTHEB2C?LCD
            CODE    5E79H     0015H     UNIT         ?PR?_STRLEN?STRLEN
            CODE    5E8EH     0014H     UNIT         ?PR?STOP?I2CSYS
            CODE    5EA2H     0011H     UNIT         ?PR?_WRITEDATA16?LCD
            CODE    5EB3H     0011H     UNIT         ?PR?_LCD_SETCURSOR?LCD
            CODE    5EC4H     0010H     UNIT         ?PR?PCA_INIT?INIT380
            CODE    5ED4H     0010H     UNIT         ?PR?UART_INIT?INIT380
            CODE    5EE4H     0010H     UNIT         ?PR?_WRITEDATA?LCD
            CODE    5EF4H     000EH     UNIT         ?PR?_LCD_SETTEXT1COLOR?LCD
            CODE    5F02H     000CH     UNIT         ?PR?_LCD_SETTEXTSIZE?LCD
            CODE    5F0EH     000CH     UNIT         ?PR?START?I2CSYS
            CODE    5F1AH     000CH     UNIT         ?PR?_ABS?ABS
            CODE    5F26H     000AH     UNIT         ?PR?TIMER_INIT?INIT380
            CODE    5F30H     000AH     UNIT         ?PR?SPI_INIT?INIT380
            CODE    5F3AH     000AH     UNIT         ?PR?ADC_INIT?INIT380
            CODE    5F44H     000AH     UNIT         ?PR?OSCILLATOR_INIT?INIT380
            CODE    5F4EH     0009H     UNIT         ?PR?_WRITECOMMAND?LCD
            CODE    5F57H     0009H     UNIT         ?PR?LCD_WRITERAM_PREPARE?LCD
            CODE    5F60H     0008H     UNIT         ?CO?INITSYS
            CODE    5F68H     0006H     UNIT         ?PR?_SETTARGET?LCD
BL51 BANKED LINKER/LOCATER V6.22.2.0                                                  04/21/2023  10:38:39  PAGE 5


            CODE    5F6EH     0004H     UNIT         ?PR?VOLTAGE_REFERENCE_INIT?INIT380



OVERLAY MAP OF MODULE:   .\obj\ceshi (MAIN)


SEGMENT                                       BIT_GROUP          DATA_GROUP          XDATA_GROUP
  +--> CALLED SEGMENT                      START    LENGTH     START    LENGTH     START    LENGTH
--------------------------------------------------------------------------------------------------
?C_C51STARTUP                              -----    -----      -----    -----      -----    -----
  +--> ?PR?MAIN?MAIN
  +--> ?C_INITSEG

?PR?MAIN?MAIN                              -----    -----      -----    -----      030AH    0006H
  +--> ?PR?INIT_DEVICE?INIT380
  +--> ?PR?INITSYS?INITSYS
  +--> ?PR?_SERVO2?MAIN
  +--> ?PR?_DELAY_MS?DELAY
  +--> ?PR?READTOUCHX?TOUCH
  +--> ?PR?READTOUCHY?TOUCH
  +--> ?PR?_BUTTONTOUCH?SHAPE
  +--> ?PR?_LCD_FILLSCREEN?LCD
  +--> ?CO?MAIN
  +--> ?PR?_LCD_PRINT2C?LCD
  +--> ?PR?_RECORD?ISD4004SPI
  +--> ?PR?_PLAYI?ISD4004SPI
  +--> ?PR?_SERVO?MAIN
  +--> ?PR?_SETTARGET?LCD
  +--> ?PR?PRINTF?PRINTF
  +--> ?PR?MENUSCREEN?MAIN
  +--> ?PR?START_WORK?MAIN

?PR?INIT_DEVICE?INIT380                    -----    -----      -----    -----      -----    -----
  +--> ?PR?PCA_INIT?INIT380
  +--> ?PR?TIMER_INIT?INIT380
  +--> ?PR?UART_INIT?INIT380
  +--> ?PR?SPI_INIT?INIT380
  +--> ?PR?ADC_INIT?INIT380
  +--> ?PR?VOLTAGE_REFERENCE_INIT?INIT380
  +--> ?PR?PORT_IO_INIT?INIT380
  +--> ?PR?OSCILLATOR_INIT?INIT380

?PR?INITSYS?INITSYS                        -----    -----      -----    -----      0310H    0006H
  +--> ?PR?_DELAY_MS?DELAY
  +--> ?PR?_R24C32?24C32SYS
  +--> ?CO?INITSYS
  +--> ?PR?_LCD_PRINT?LCD
  +--> ?PR?_TOUCHSET?TOUCH
  +--> ?PR?LCD_BEGIN?LCD
  +--> ?PR?LCD_CLEARBUTTON?SHAPE

?PR?_R24C32?24C32SYS                       -----    -----      -----    -----      0316H    0004H
  +--> ?PR?START?I2CSYS
  +--> ?PR?_WRITEBYTE?I2CSYS
  +--> ?PR?STOP?I2CSYS
  +--> ?PR?READBYTE?I2CSYS
BL51 BANKED LINKER/LOCATER V6.22.2.0                                                  04/21/2023  10:38:39  PAGE 6



?PR?START?I2CSYS                           -----    -----      -----    -----      -----    -----
  +--> ?PR?_DELAY_US?DELAY

?PR?_WRITEBYTE?I2CSYS                      0020H.0  0000H.1    -----    -----      031AH    0003H
  +--> ?PR?_DELAY_US?DELAY

?PR?STOP?I2CSYS                            -----    -----      -----    -----      -----    -----
  +--> ?PR?_DELAY_US?DELAY

?PR?READBYTE?I2CSYS                        0020H.0  0000H.1    -----    -----      031AH    0003H
  +--> ?PR?_DELAY_US?DELAY

?PR?_LCD_PRINT?LCD                         -----    -----      -----    -----      0332H    0003H
  +--> ?PR?_PUTCHAR5_7_2COLOR?LCD
  +--> ?PR?_PUTCHAR5_7?LCD

?PR?_PUTCHAR5_7_2COLOR?LCD                 -----    -----      -----    -----      034CH    0014H
  +--> ?CO?LCD
  +--> ?PR?_LCD_DRAWPIXEL?LCD

?PR?_LCD_DRAWPIXEL?LCD                     -----    -----      -----    -----      0360H    0006H
  +--> ?PR?_LCD_SETADDRWINDOW?LCD
  +--> ?PR?_WRITEDATA16?LCD

?PR?_LCD_SETADDRWINDOW?LCD                 -----    -----      -----    -----      0366H    0008H
  +--> ?PR?_WRITECOMMAND?LCD
  +--> ?PR?_WRITEDATA?LCD
  +--> ?PR?LCD_WRITERAM_PREPARE?LCD

?PR?_WRITEDATA?LCD                         -----    -----      -----    -----      -----    -----
  +--> ?PR?_WRITECOMMAND?LCD

?PR?LCD_WRITERAM_PREPARE?LCD               -----    -----      -----    -----      -----    -----
  +--> ?PR?_WRITECOMMAND?LCD

?PR?_PUTCHAR5_7?LCD                        -----    -----      -----    -----      034CH    0012H
  +--> ?CO?LCD
  +--> ?PR?_LCD_DRAWPIXEL?LCD

?PR?_TOUCHSET?TOUCH                        -----    -----      -----    -----      0316H    0008H

?PR?LCD_BEGIN?LCD                          -----    -----      -----    -----      -----    -----
  +--> ?PR?_WRITECOMMAND?LCD
  +--> ?PR?_WRITEDATA?LCD
  +--> ?PR?_DELAY_MS?DELAY
  +--> ?PR?LCD_SETPARAM?LCD
  +--> ?PR?_LCD_SETROTATION?LCD
  +--> ?PR?_LCD_FILLSCREEN?LCD
  +--> ?PR?_LCD_SETTEXTSIZE?LCD
  +--> ?PR?_LCD_SETTEXT2COLOR?LCD

?PR?_LCD_SETROTATION?LCD                   -----    -----      -----    -----      -----    -----
  +--> ?PR?_WRITECOMMAND?LCD
  +--> ?PR?_WRITEDATA?LCD

?PR?_LCD_FILLSCREEN?LCD                    -----    -----      -----    -----      031AH    0003H
BL51 BANKED LINKER/LOCATER V6.22.2.0                                                  04/21/2023  10:38:39  PAGE 7


  +--> ?PR?_LCD_SETADDRWINDOW?LCD

?PR?_SERVO2?MAIN                           -----    -----      -----    -----      -----    -----
  +--> ?PR?_SERVO?MAIN

?PR?READTOUCHX?TOUCH                       -----    -----      -----    -----      -----    -----
  +--> ?PR?READY?TOUCH
  +--> ?PR?_MAP?TOUCH
  +--> ?PR?READX?TOUCH

?PR?READY?TOUCH                            -----    -----      -----    -----      0312H    000AH
  +--> ?PR?_ADS_READ_AD?TOUCH
  +--> ?PR?_DELAY_US?DELAY
  +--> ?PR?_ABS?ABS

?PR?_ADS_READ_AD?TOUCH                     -----    -----      -----    -----      -----    -----
  +--> ?PR?_WRITECHARTO7843?TOUCH
  +--> ?PR?_DELAY_US?DELAY
  +--> ?PR?READFROMCHARFROM7843?TOUCH

?PR?_MAP?TOUCH                             -----    -----      -----    -----      0312H    000EH

?PR?READX?TOUCH                            -----    -----      -----    -----      0312H    000AH
  +--> ?PR?_ADS_READ_AD?TOUCH
  +--> ?PR?_DELAY_US?DELAY
  +--> ?PR?_ABS?ABS

?PR?READTOUCHY?TOUCH                       -----    -----      -----    -----      0310H    0002H
  +--> ?PR?READX?TOUCH
  +--> ?PR?_MAP?TOUCH
  +--> ?PR?READY?TOUCH

?PR?_BUTTONTOUCH?SHAPE                     -----    -----      -----    -----      0310H    0004H

?PR?_LCD_PRINT2C?LCD                       -----    -----      -----    -----      0312H    000DH
  +--> ?PR?_LCD_SETTEXT2COLOR?LCD
  +--> ?PR?_LCD_SETTEXTSIZE?LCD
  +--> ?PR?_LCD_SETCURSOR?LCD
  +--> ?PR?_LCD_PRINT?LCD

?PR?_RECORD?ISD4004SPI                     -----    -----      -----    -----      0310H    0003H
  +--> ?PR?_DELAY_MS?DELAY
  +--> ?PR?_SPIWRITE?ISD4004SPI
  +--> ?PR?_SPIWRITEADDCODE?ISD4004SPI

?PR?_SPIWRITE?ISD4004SPI                   -----    -----      -----    -----      -----    -----
  +--> ?PR?_REVERSE?ISD4004SPI

?PR?_REVERSE?ISD4004SPI                    -----    -----      -----    -----      0318H    0001H

?PR?_SPIWRITEADDCODE?ISD4004SPI            -----    -----      -----    -----      0315H    0003H
  +--> ?PR?_REVERSE?ISD4004SPI

?PR?_PLAYI?ISD4004SPI                      -----    -----      -----    -----      0312H    0003H
  +--> ?PR?_SPIWRITE?ISD4004SPI
  +--> ?PR?_DELAY_MS?DELAY
  +--> ?PR?_SPIWRITEADDCODE?ISD4004SPI
BL51 BANKED LINKER/LOCATER V6.22.2.0                                                  04/21/2023  10:38:39  PAGE 8



?PR?PRINTF?PRINTF                          0020H.0  0001H.1    0008H    0005H      031AH    0030H
  +--> ?PR?_PUTCHAR?LCD

?PR?_PUTCHAR?LCD                           -----    -----      -----    -----      034AH    0001H
  +--> ?PR?_LCD_WRITE?LCD

?PR?_LCD_WRITE?LCD                         -----    -----      -----    -----      034BH    0001H
  +--> ?PR?_PUTCHAR5_7_2COLOR?LCD
  +--> ?PR?_PUTCHAR5_7?LCD

?PR?MENUSCREEN?MAIN                        -----    -----      -----    -----      -----    -----
  +--> ?PR?_LCD_FILLSCREEN?LCD
  +--> ?CO?MAIN
  +--> ?PR?_LCD_PRINT2C?LCD
  +--> ?PR?LCD_CLEARBUTTON?SHAPE
  +--> ?PR?_LCD_DRAWBUTTON?SHAPE
  +--> ?PR?_LCD_SETTEXT2COLOR?LCD

?PR?_LCD_DRAWBUTTON?SHAPE                  -----    -----      -----    -----      0310H    0017H
  +--> ?PR?_STRLEN?STRLEN
  +--> ?PR?_LCD_FILLROUNDRECT?SHAPE
  +--> ?PR?_LCD_PRINTC?LCD

?PR?_LCD_FILLROUNDRECT?SHAPE               -----    -----      -----    -----      0327H    000CH
  +--> ?PR?_LCD_FILLRECT?SHAPE
  +--> ?PR?_LCD_FILLCIRCLEHELPER?SHAPE

?PR?_LCD_FILLRECT?SHAPE                    -----    -----      -----    -----      0333H    000DH
  +--> ?PR?_LCD_SETADDRWINDOW?LCD

?PR?_LCD_FILLCIRCLEHELPER?SHAPE            -----    -----      -----    -----      0333H    0015H
  +--> ?PR?_LCD_DRAWFASTVLINE?SHAPE

?PR?_LCD_DRAWFASTVLINE?SHAPE               -----    -----      -----    -----      0348H    000AH
  +--> ?PR?_LCD_SETADDRWINDOW?LCD
  +--> ?PR?_WRITEDATA16?LCD

?PR?_LCD_PRINTC?LCD                        -----    -----      -----    -----      0327H    000BH
  +--> ?PR?_LCD_SETTEXT1COLOR?LCD
  +--> ?PR?_LCD_SETTEXTSIZE?LCD
  +--> ?PR?_LCD_SETCURSOR?LCD
  +--> ?PR?_LCD_PRINT?LCD

?PR?START_WORK?MAIN                        -----    -----      -----    -----      0310H    0002H
  +--> ?PR?_LCD_FILLSCREEN?LCD
  +--> ?CO?MAIN
  +--> ?PR?_LCD_PRINT2C?LCD
  +--> ?PR?ISALARMDETECTED2?MAIN
  +--> ?PR?_PLAYI?ISD4004SPI
  +--> ?PR?_DELAY_MS?DELAY
  +--> ?PR?_SETTARGET?LCD
  +--> ?PR?PRINTF?PRINTF
  +--> ?PR?_SERVO?MAIN
  +--> ?PR?_SERVO2?MAIN

?PR?ISALARMDETECTED2?MAIN                  -----    -----      -----    -----      0312H    0008H
BL51 BANKED LINKER/LOCATER V6.22.2.0                                                  04/21/2023  10:38:39  PAGE 9


  +--> ?PR?_LCD_FILLSCREEN?LCD
  +--> ?PR?_ADC_IN?MAIN
  +--> ?PR?_DELAY_US?DELAY
  +--> ?PR?_GOERTZEL_MAG?MAIN
  +--> ?PR?_LCD_SETCURSOR?LCD
  +--> ?CO?MAIN
  +--> ?PR?PRINTF?PRINTF

?PR?_ADC_IN?MAIN                           -----    -----      -----    -----      -----    -----
  +--> ?PR?_DELAY_US?DELAY

?PR?_GOERTZEL_MAG?MAIN                     -----    -----      -----    -----      031AH    0034H
  +--> ?PR?SIN?SIN
  +--> ?PR?SQRT?SQRT

?PR?SIN?SIN                                0020H.0  0000H.1    -----    -----      034EH    0004H

?PR?SQRT?SQRT                              -----    -----      -----    -----      034EH    0004H



SYMBOL TABLE OF MODULE:  .\obj\ceshi (MAIN)

  VALUE           TYPE          NAME
  ----------------------------------

  -------         MODULE        MAIN
  C:0000H         SYMBOL        _ICE_DUMMY_
  D:00A0H         PUBLIC        P2
  D:00B0H         PUBLIC        P3
  C:1A80H         PUBLIC        IsAlarmDetected2
  C:1DEEH         PUBLIC        _goertzel_mag
  D:00FCH         PUBLIC        PCA0CPH0
  D:00EAH         PUBLIC        PCA0CPH1
  D:00FBH         PUBLIC        PCA0CPL0
  X:0000H         PUBLIC        NumInstans
  D:00E9H         PUBLIC        PCA0CPL1
  B:00B0H.6       PUBLIC        T_IRQ
  B:00E8H.5       PUBLIC        AD0INT
  C:1347H         PUBLIC        main
  C:5C20H         PUBLIC        _servo
  C:5E1EH         PUBLIC        _ADC_IN
  X:0004H         PUBLIC        wave_property_arr
  C:4E52H         PUBLIC        record_all_measeges
  X:0010H         PUBLIC        num
  X:0012H         PUBLIC        data_in
  C:30CEH         PUBLIC        _IsAlarmDetected
  C:34C0H         PUBLIC        start_work
  X:01B6H         PUBLIC        my_string
  C:5B72H         PUBLIC        _servo2
  D:00BAH         PUBLIC        AMX0N
  D:00BBH         PUBLIC        AMX0P
  C:505BH         PUBLIC        test_play_all
  D:00BDH         PUBLIC        ADC0
  B:00E8H.4       PUBLIC        AD0BUSY
  C:2310H         PUBLIC        MenuScreen
  -------         PROC          _SERVO
BL51 BANKED LINKER/LOCATER V6.22.2.0                                                  04/21/2023  10:38:39  PAGE 10


  D:0006H         SYMBOL        Width
  C:5C20H         LINE#         60
  C:5C20H         LINE#         61
  C:5C20H         LINE#         62
  C:5C2DH         LINE#         63
  C:5C3AH         LINE#         64
  C:5C41H         LINE#         66
  C:5C43H         LINE#         67
  C:5C46H         LINE#         68
  -------         ENDPROC       _SERVO
  C:5B67H         SYMBOL        L?0114
  -------         PROC          L?0113
  -------         ENDPROC       L?0113
  C:5B67H         SYMBOL        L?0114
  -------         PROC          _SERVO2
  D:0006H         SYMBOL        Width
  C:5B72H         LINE#         69
  C:5B72H         LINE#         70
  C:5B72H         LINE#         71
  C:5B7FH         LINE#         72
  C:5B8CH         LINE#         73
  C:5B93H         LINE#         75
  C:5B95H         LINE#         76
  C:5B98H         LINE#         77
  -------         ENDPROC       _SERVO2
  -------         PROC          MAIN
  -------         DO            
  X:030AH         SYMBOL        x
  X:030CH         SYMBOL        y
  X:030EH         SYMBOL        ButtonNum
  -------         ENDDO         
  C:1347H         LINE#         80
  C:1347H         LINE#         81
  C:1347H         LINE#         82
  C:1352H         LINE#         83
  C:1355H         LINE#         84
  C:1358H         LINE#         85
  C:1358H         LINE#         86
  C:135BH         LINE#         87
  C:135EH         LINE#         89
  C:135EH         LINE#         90
  C:1364H         LINE#         91
  C:136BH         LINE#         92
  C:1376H         LINE#         93
  C:1383H         LINE#         94
  C:1396H         LINE#         95
  C:139BH         LINE#         96
  C:13A0H         LINE#         97
  C:13C3H         LINE#         98
  C:13C9H         LINE#         99
  C:13ECH         LINE#         100
  C:13EFH         LINE#         101
  C:13EFH         LINE#         102
  C:13F2H         LINE#         103
  C:13FEH         LINE#         104
  C:1403H         LINE#         105
  C:1426H         LINE#         106
BL51 BANKED LINKER/LOCATER V6.22.2.0                                                  04/21/2023  10:38:39  PAGE 11


  C:142DH         LINE#         107
  C:1450H         LINE#         108
  C:1454H         LINE#         109
  C:1454H         LINE#         110
  C:1457H         LINE#         111
  C:1463H         LINE#         112
  C:1468H         LINE#         113
  C:148BH         LINE#         114
  C:1492H         LINE#         115
  C:14B5H         LINE#         116
  C:14B9H         LINE#         117
  C:14B9H         LINE#         118
  C:14BBH         LINE#         119
  C:14C7H         LINE#         120
  C:14CCH         LINE#         121
  C:14EFH         LINE#         122
  C:14F6H         LINE#         123
  C:1519H         LINE#         124
  C:1520H         LINE#         125
  C:1520H         LINE#         126
  C:1523H         LINE#         128
  C:152FH         LINE#         129
  C:1534H         LINE#         130
  C:1557H         LINE#         131
  C:155EH         LINE#         132
  C:1581H         LINE#         134
  C:1581H         LINE#         135
  C:1584H         LINE#         136
  C:1593H         LINE#         137
  C:1598H         LINE#         138
  C:15BBH         LINE#         139
  C:15C2H         LINE#         140
  C:15C9H         LINE#         141
  C:15D0H         LINE#         142
  C:15F3H         LINE#         143
  C:15FAH         LINE#         144
  C:1601H         LINE#         145
  C:1608H         LINE#         146
  C:1608H         LINE#         147
  C:160BH         LINE#         148
  C:1612H         LINE#         149
  C:1612H         LINE#         150
  C:1615H         LINE#         151
  C:1624H         LINE#         152
  C:1629H         LINE#         153
  C:164CH         LINE#         154
  C:166FH         LINE#         155
  C:1674H         LINE#         157
  C:167DH         LINE#         158
  C:1684H         LINE#         159
  C:168DH         LINE#         160
  C:1694H         LINE#         161
  C:169DH         LINE#         162
  C:16A4H         LINE#         163
  C:16ADH         LINE#         164
  C:16B4H         LINE#         165
  C:16BDH         LINE#         166
BL51 BANKED LINKER/LOCATER V6.22.2.0                                                  04/21/2023  10:38:39  PAGE 12


  C:16C4H         LINE#         167
  C:16CDH         LINE#         169
  C:16D0H         LINE#         170
  C:16D2H         LINE#         172
  C:16DEH         LINE#         179
  C:16E1H         LINE#         189
  C:16E1H         LINE#         190
  C:16E4H         LINE#         191
  C:16E7H         LINE#         192
  C:16EAH         LINE#         193
  C:16F9H         LINE#         194
  C:16FEH         LINE#         195
  C:1705H         LINE#         196
  C:170CH         LINE#         197
  C:1713H         LINE#         199
  C:1713H         LINE#         200
  -------         ENDPROC       MAIN
  -------         PROC          MENUSCREEN
  C:2310H         LINE#         203
  C:2310H         LINE#         204
  C:2310H         LINE#         205
  C:2316H         LINE#         206
  C:2339H         LINE#         207
  C:233CH         LINE#         208
  C:237BH         LINE#         209
  C:23BBH         LINE#         210
  C:23FAH         LINE#         211
  C:243BH         LINE#         212
  C:247AH         LINE#         213
  C:24B9H         LINE#         214
  C:24F8H         LINE#         215
  C:2539H         LINE#         216
  C:257AH         LINE#         217
  -------         ENDPROC       MENUSCREEN
  -------         PROC          START_WORK
  -------         DO            
  X:0310H         SYMBOL        i
  -------         ENDDO         
  C:34C0H         LINE#         222
  C:34C0H         LINE#         223
  C:34C0H         LINE#         225
  C:34C6H         LINE#         226
  C:34E8H         LINE#         227
  C:34F2H         LINE#         228
  C:34F8H         LINE#         230
  C:34FBH         LINE#         231
  C:3501H         LINE#         232
  C:3523H         LINE#         233
  C:3529H         LINE#         234
  C:3530H         LINE#         236
  C:3535H         LINE#         237
  C:353EH         LINE#         238
  C:3545H         LINE#         239
  C:354EH         LINE#         240
  C:3555H         LINE#         241
  C:355EH         LINE#         242
  C:3563H         LINE#         247
BL51 BANKED LINKER/LOCATER V6.22.2.0                                                  04/21/2023  10:38:39  PAGE 13


  C:3585H         LINE#         248
  C:358CH         LINE#         250
  C:3593H         LINE#         251
  C:359AH         LINE#         252
  C:35A1H         LINE#         253
  C:35A1H         LINE#         254
  C:35A8H         LINE#         255
  C:35CEH         LINE#         256
  C:35F0H         LINE#         257
  C:35F9H         LINE#         258
  C:35F9H         LINE#         259
  C:35FFH         LINE#         260
  C:361BH         LINE#         261
  C:363DH         LINE#         262
  C:3644H         LINE#         263
  C:364BH         LINE#         264
  C:364BH         LINE#         265
  C:366DH         LINE#         267
  C:3674H         LINE#         268
  C:3674H         LINE#         269
  C:3677H         LINE#         270
  C:3699H         LINE#         271
  C:36A0H         LINE#         272
  -------         ENDPROC       START_WORK
  -------         PROC          RECORD_ALL_MEASEGES
  C:4E52H         LINE#         278
  C:4E52H         LINE#         279
  C:4E52H         LINE#         280
  C:4E58H         LINE#         281
  C:4E77H         LINE#         282
  C:4E7DH         LINE#         283
  C:4E83H         LINE#         285
  C:4EA2H         LINE#         286
  C:4EA9H         LINE#         287
  C:4EB0H         LINE#         289
  C:4ECFH         LINE#         290
  C:4ED6H         LINE#         291
  C:4EDDH         LINE#         293
  C:4EFCH         LINE#         294
  C:4F03H         LINE#         295
  -------         ENDPROC       RECORD_ALL_MEASEGES
  -------         PROC          TEST_PLAY_ALL
  C:505BH         LINE#         299
  C:505BH         LINE#         300
  C:505BH         LINE#         301
  C:5061H         LINE#         302
  C:5080H         LINE#         303
  C:5086H         LINE#         305
  C:50A5H         LINE#         306
  C:50ACH         LINE#         308
  C:50CBH         LINE#         309
  C:50D2H         LINE#         311
  C:50F1H         LINE#         312
  -------         ENDPROC       TEST_PLAY_ALL
  -------         PROC          _ISALARMDETECTED
  X:03F3H         SYMBOL        numofinstans
  X:03F5H         SYMBOL        mag
BL51 BANKED LINKER/LOCATER V6.22.2.0                                                  04/21/2023  10:38:39  PAGE 14


  -------         DO            
  X:03F7H         SYMBOL        y800
  X:03F9H         SYMBOL        j
  X:03FBH         SYMBOL        i
  X:03FDH         SYMBOL        res
  X:03FFH         SYMBOL        y700
  X:0401H         SYMBOL        y600
  -------         ENDDO         
  C:30CEH         LINE#         409
  C:30DCH         LINE#         410
  C:30DCH         LINE#         411
  C:30E1H         LINE#         412
  C:30E7H         LINE#         413
  C:30EDH         LINE#         414
  C:30EDH         LINE#         415
  C:30F4H         LINE#         416
  C:30F4H         LINE#         417
  C:311EH         LINE#         418
  C:3125H         LINE#         420
  C:3144H         LINE#         422
  C:3154H         LINE#         423
  C:3164H         LINE#         424
  C:317AH         LINE#         425
  C:31A6H         LINE#         426
  C:31ADH         LINE#         427
  C:31CEH         LINE#         429
  C:3213H         LINE#         431
  C:323BH         LINE#         432
  C:3263H         LINE#         433
  C:3263H         LINE#         434
  C:326AH         LINE#         435
  C:326CH         LINE#         436
  C:326CH         LINE#         438
  C:328EH         LINE#         439
  C:32C4H         LINE#         440
  C:32C9H         LINE#         442
  C:32CCH         LINE#         459
  -------         ENDPROC       _ISALARMDETECTED
  -------         PROC          ISALARMDETECTED2
  -------         DO            
  X:0312H         SYMBOL        mag_temp
  D:0004H         SYMBOL        detect
  X:0314H         SYMBOL        j
  X:0316H         SYMBOL        i
  X:0318H         SYMBOL        k
  -------         ENDDO         
  C:1A80H         LINE#         461
  C:1A80H         LINE#         462
  C:1A80H         LINE#         465
  C:1A87H         LINE#         466
  C:1A8DH         LINE#         467
  C:1A92H         LINE#         468
  C:1AABH         LINE#         469
  C:1AABH         LINE#         470
  C:1AC0H         LINE#         471
  C:1AD0H         LINE#         472
  C:1AD7H         LINE#         473
BL51 BANKED LINKER/LOCATER V6.22.2.0                                                  04/21/2023  10:38:39  PAGE 15


  C:1AD7H         LINE#         474
  C:1ADEH         LINE#         475
  C:1ADEH         LINE#         476
  C:1B08H         LINE#         477
  C:1B0FH         LINE#         479
  C:1B2EH         LINE#         481
  C:1B4AH         LINE#         482
  C:1B4AH         LINE#         483
  C:1B74H         LINE#         484
  C:1B82H         LINE#         486
  C:1B9EH         LINE#         487
  C:1B9EH         LINE#         489
  C:1BA9H         LINE#         490
  C:1BB3H         LINE#         491
  C:1BB3H         LINE#         492
  C:1BBBH         LINE#         493
  C:1C16H         LINE#         494
  C:1C16H         LINE#         496
  C:1C22H         LINE#         497
  C:1C22H         LINE#         498
  C:1C2BH         LINE#         499
  C:1C86H         LINE#         500
  C:1C86H         LINE#         502
  C:1C92H         LINE#         503
  C:1C92H         LINE#         504
  C:1C9BH         LINE#         505
  C:1CF6H         LINE#         506
  C:1CF6H         LINE#         508
  C:1CF6H         LINE#         520
  C:1D28H         LINE#         521
  C:1D28H         LINE#         522
  C:1D40H         LINE#         523
  C:1D40H         LINE#         524
  C:1D51H         LINE#         526
  C:1D73H         LINE#         528
  C:1D77H         LINE#         529
  C:1D7EH         LINE#         530
  C:1D7EH         LINE#         531
  C:1DC0H         LINE#         532
  C:1DC0H         LINE#         533
  C:1DC3H         LINE#         534
  C:1DC5H         LINE#         535
  C:1DC5H         LINE#         536
  C:1DDFH         LINE#         537
  C:1DE3H         LINE#         538
  -------         ENDPROC       ISALARMDETECTED2
  C:1DEAH         SYMBOL        L?0116
  -------         PROC          L?0115
  -------         ENDPROC       L?0115
  C:1DEAH         SYMBOL        L?0116
  -------         PROC          _GOERTZEL_MAG
  X:031AH         SYMBOL        numSamples
  X:031CH         SYMBOL        TARGET_FREQUENCY
  X:031EH         SYMBOL        SAMPLING_RATE
  -------         DO            
  D:0006H         SYMBOL        k
  X:0320H         SYMBOL        i
BL51 BANKED LINKER/LOCATER V6.22.2.0                                                  04/21/2023  10:38:39  PAGE 16


  X:0322H         SYMBOL        analog
  X:0326H         SYMBOL        floatnumSamples
  X:032AH         SYMBOL        omega
  X:032EH         SYMBOL        sine
  X:0332H         SYMBOL        cosine
  X:0336H         SYMBOL        coeff
  X:033AH         SYMBOL        q0
  X:033EH         SYMBOL        q1
  X:0342H         SYMBOL        q2
  D:0004H         SYMBOL        magnitude
  X:0346H         SYMBOL        real
  D:0004H         SYMBOL        imag
  X:034AH         SYMBOL        scalingFactor
  -------         ENDDO         
  C:1DEEH         LINE#         542
  C:1E02H         LINE#         543
  C:1E02H         LINE#         549
  C:1E1DH         LINE#         551
  C:1E2FH         LINE#         552
  C:1E7FH         LINE#         553
  C:1EA9H         LINE#         554
  C:1EC0H         LINE#         555
  C:1ED7H         LINE#         556
  C:1EF4H         LINE#         557
  C:1EFEH         LINE#         558
  C:1F08H         LINE#         559
  C:1F12H         LINE#         561
  C:1F38H         LINE#         562
  C:1F38H         LINE#         563
  C:1F58H         LINE#         564
  C:1F9FH         LINE#         565
  C:1FB1H         LINE#         566
  C:1FC3H         LINE#         567
  C:1FD4H         LINE#         571
  C:2023H         LINE#         572
  C:2053H         LINE#         574
  -------         ENDPROC       _GOERTZEL_MAG
  -------         PROC          _ADC_IN
  D:0006H         SYMBOL        num
  C:5E1EH         LINE#         587
  C:5E1EH         LINE#         588
  C:5E1EH         LINE#         589
  C:5E21H         LINE#         590
  C:5E23H         LINE#         591
  C:5E2AH         LINE#         592
  C:5E2CH         LINE#         593
  C:5E2FH         LINE#         594
  C:5E31H         LINE#         595
  C:5E35H         LINE#         596
  -------         ENDPROC       _ADC_IN
  -------         ENDMOD        MAIN

  -------         MODULE        INIT380
  C:0000H         SYMBOL        _ICE_DUMMY_
  D:00A2H         PUBLIC        SPI0CKR
  D:00E8H         PUBLIC        ADC0CN
  D:00A4H         PUBLIC        P0MDOUT
BL51 BANKED LINKER/LOCATER V6.22.2.0                                                  04/21/2023  10:38:39  PAGE 17


  D:00A5H         PUBLIC        P1MDOUT
  C:5E4EH         PUBLIC        Port_IO_Init
  D:00DAH         PUBLIC        PCA0CPM0
  D:00D9H         PUBLIC        PCA0MD
  D:00D8H         PUBLIC        PCA0CN
  D:00DBH         PUBLIC        PCA0CPM1
  C:5F44H         PUBLIC        Oscillator_Init
  D:00E1H         PUBLIC        XBR0
  D:00E2H         PUBLIC        XBR1
  D:00D1H         PUBLIC        REF0CN
  D:00ACH         PUBLIC        SBCON1
  D:00F2H         PUBLIC        P1MDIN
  D:00B5H         PUBLIC        SBRLH1
  D:00F8H         PUBLIC        SPI0CN
  D:00B4H         PUBLIC        SBRLL1
  C:5ED4H         PUBLIC        UART_Init
  D:0089H         PUBLIC        TMOD
  D:0088H         PUBLIC        TCON
  D:00D4H         PUBLIC        P0SKIP
  D:00D5H         PUBLIC        P1SKIP
  C:5F3AH         PUBLIC        ADC_Init
  D:00A9H         PUBLIC        CLKSEL
  D:00B2H         PUBLIC        OSCICN
  C:5F6EH         PUBLIC        Voltage_Reference_Init
  C:5E36H         PUBLIC        Init_Device
  C:5EC4H         PUBLIC        PCA_Init
  D:008DH         PUBLIC        TH1
  C:5F30H         PUBLIC        SPI_Init
  D:0098H         PUBLIC        SCON0
  D:00D2H         PUBLIC        SCON1
  D:00BAH         PUBLIC        AMX0N
  D:00BBH         PUBLIC        AMX0P
  D:00A1H         PUBLIC        SPI0CFG
  D:00B6H         PUBLIC        FLSCL
  C:5F26H         PUBLIC        Timer_Init
  -------         PROC          PCA_INIT
  C:5EC4H         LINE#         10
  C:5EC4H         LINE#         11
  C:5EC4H         LINE#         12
  C:5EC7H         LINE#         13
  C:5ECAH         LINE#         14
  C:5ECDH         LINE#         15
  C:5ED0H         LINE#         16
  C:5ED3H         LINE#         17
  -------         ENDPROC       PCA_INIT
  -------         PROC          TIMER_INIT
  C:5F26H         LINE#         19
  C:5F26H         LINE#         20
  C:5F26H         LINE#         21
  C:5F29H         LINE#         22
  C:5F2CH         LINE#         23
  C:5F2FH         LINE#         24
  -------         ENDPROC       TIMER_INIT
  -------         PROC          UART_INIT
  C:5ED4H         LINE#         26
  C:5ED4H         LINE#         27
  C:5ED4H         LINE#         28
BL51 BANKED LINKER/LOCATER V6.22.2.0                                                  04/21/2023  10:38:39  PAGE 18


  C:5ED7H         LINE#         29
  C:5EDAH         LINE#         30
  C:5EDDH         LINE#         31
  C:5EE0H         LINE#         32
  C:5EE3H         LINE#         33
  -------         ENDPROC       UART_INIT
  -------         PROC          SPI_INIT
  C:5F30H         LINE#         35
  C:5F30H         LINE#         36
  C:5F30H         LINE#         37
  C:5F33H         LINE#         38
  C:5F36H         LINE#         39
  C:5F39H         LINE#         40
  -------         ENDPROC       SPI_INIT
  -------         PROC          ADC_INIT
  C:5F3AH         LINE#         42
  C:5F3AH         LINE#         43
  C:5F3AH         LINE#         44
  C:5F3DH         LINE#         45
  C:5F40H         LINE#         46
  C:5F43H         LINE#         47
  -------         ENDPROC       ADC_INIT
  -------         PROC          VOLTAGE_REFERENCE_INIT
  C:5F6EH         LINE#         49
  C:5F6EH         LINE#         50
  C:5F6EH         LINE#         51
  C:5F71H         LINE#         52
  -------         ENDPROC       VOLTAGE_REFERENCE_INIT
  -------         PROC          PORT_IO_INIT
  C:5E4EH         LINE#         54
  C:5E4EH         LINE#         55
  C:5E4EH         LINE#         92
  C:5E51H         LINE#         93
  C:5E54H         LINE#         94
  C:5E57H         LINE#         95
  C:5E5AH         LINE#         96
  C:5E5DH         LINE#         97
  C:5E60H         LINE#         98
  C:5E63H         LINE#         99
  -------         ENDPROC       PORT_IO_INIT
  -------         PROC          OSCILLATOR_INIT
  C:5F44H         LINE#         101
  C:5F44H         LINE#         102
  C:5F44H         LINE#         103
  C:5F47H         LINE#         104
  C:5F4AH         LINE#         105
  C:5F4DH         LINE#         106
  -------         ENDPROC       OSCILLATOR_INIT
  -------         PROC          INIT_DEVICE
  C:5E36H         LINE#         110
  C:5E36H         LINE#         111
  C:5E36H         LINE#         112
  C:5E39H         LINE#         113
  C:5E3CH         LINE#         114
  C:5E3FH         LINE#         115
  C:5E42H         LINE#         116
  C:5E45H         LINE#         117
BL51 BANKED LINKER/LOCATER V6.22.2.0                                                  04/21/2023  10:38:39  PAGE 19


  C:5E48H         LINE#         118
  C:5E4BH         LINE#         119
  -------         ENDPROC       INIT_DEVICE
  -------         ENDMOD        INIT380

  -------         MODULE        DELAY
  C:0000H         SYMBOL        _ICE_DUMMY_
  D:00B0H         PUBLIC        P3
  D:0094H         PUBLIC        TMR3
  D:0091H         PUBLIC        TMR3CN
  C:5D8FH         PUBLIC        _delay_ms
  C:5CBAH         PUBLIC        _delay_us
  -------         PROC          _DELAY_MS
  D:0006H         SYMBOL        ms
  C:5D8FH         LINE#         25
  C:5D8FH         LINE#         26
  C:5D8FH         LINE#         27
  C:5D93H         LINE#         28
  C:5D93H         LINE#         29
  C:5D96H         LINE#         30
  C:5D9CH         LINE#         32
  C:5D9FH         LINE#         33
  C:5DA4H         LINE#         34
  C:5DA9H         LINE#         35
  C:5DABH         LINE#         37
  C:5DAEH         LINE#         38
  -------         ENDPROC       _DELAY_MS
  -------         PROC          _DELAY_US
  D:0006H         SYMBOL        us
  C:5CBAH         LINE#         41
  C:5CBAH         LINE#         42
  C:5CBAH         LINE#         43
  C:5CBDH         LINE#         45
  C:5CD2H         LINE#         47
  C:5CD5H         LINE#         48
  C:5CDAH         LINE#         49
  C:5CDDH         LINE#         50
  -------         ENDPROC       _DELAY_US
  -------         ENDMOD        DELAY

  -------         MODULE        INITSYS
  C:0000H         SYMBOL        _ICE_DUMMY_
  D:00B0H         PUBLIC        P3
  D:00A7H         PUBLIC        P3MDOUT
  D:00AEH         PUBLIC        P4MDOUT
  D:00D9H         PUBLIC        PCA0MD
  D:00E2H         PUBLIC        XBR1
  C:2C76H         PUBLIC        initSYS
  D:00A9H         PUBLIC        CLKSEL
  D:00B2H         PUBLIC        OSCICN
  D:00B6H         PUBLIC        FLSCL
  -------         PROC          INITSYS
  -------         DO            
  X:0310H         SYMBOL        f1
  X:0312H         SYMBOL        f2
  D:0002H         SYMBOL        f3
  X:0314H         SYMBOL        i
BL51 BANKED LINKER/LOCATER V6.22.2.0                                                  04/21/2023  10:38:39  PAGE 20


  -------         ENDDO         
  C:2C76H         LINE#         13
  C:2C76H         LINE#         14
  C:2C76H         LINE#         15
  C:2C7DH         LINE#         17
  C:2C80H         LINE#         18
  C:2C82H         LINE#         37
  C:2C85H         LINE#         38
  C:2C88H         LINE#         39
  C:2C90H         LINE#         44
  C:2C93H         LINE#         45
  C:2C96H         LINE#         46
  C:2C99H         LINE#         48
  C:2CA0H         LINE#         53
  C:2CB1H         LINE#         54
  C:2CC2H         LINE#         55
  C:2CCFH         LINE#         57
  C:2CF8H         LINE#         58
  C:2D13H         LINE#         60
  C:2D30H         LINE#         61
  C:2D3EH         LINE#         63
  C:2D4FH         LINE#         64
  C:2D60H         LINE#         65
  C:2D6DH         LINE#         67
  C:2D96H         LINE#         68
  C:2DB1H         LINE#         70
  C:2DCEH         LINE#         71
  C:2DDCH         LINE#         73
  C:2DEDH         LINE#         74
  C:2DFEH         LINE#         75
  C:2E0BH         LINE#         78
  C:2E34H         LINE#         79
  C:2E4FH         LINE#         81
  C:2E6CH         LINE#         82
  C:2E7AH         LINE#         84
  C:2E84H         LINE#         85
  C:2E8DH         LINE#         86
  C:2E8FH         LINE#         87
  C:2E8FH         LINE#         92
  C:2EA8H         LINE#         93
  C:2EABH         LINE#         95
  C:2EAEH         LINE#         97
  C:2EB1H         LINE#         98
  -------         ENDPROC       INITSYS
  -------         ENDMOD        INITSYS

  -------         MODULE        LCD
  C:0000H         SYMBOL        _ICE_DUMMY_
  D:00B0H         PUBLIC        P3
  D:00C7H         PUBLIC        P4
  C:5EB3H         PUBLIC        _LCD_setCursor
  C:36D4H         PUBLIC        _PutChar5_7
  C:5EEBH         PUBLIC        _WriteData
  C:4958H         PUBLIC        _LCD_DrawBitmap16
  C:5F68H         PUBLIC        _SetTarget
  C:5C47H         PUBLIC        _LCD_printC
  C:5DEBH         PUBLIC        _LCD_printHebC
BL51 BANKED LINKER/LOCATER V6.22.2.0                                                  04/21/2023  10:38:39  PAGE 21


  C:1724H         PUBLIC        font
  C:39FFH         PUBLIC        LCD_begin
  C:25BEH         PUBLIC        _PutChar5_7_2color
  C:40F6H         PUBLIC        _LCD_println
  C:54DEH         PUBLIC        _LCD_fillScreen
  X:03C8H         PUBLIC        PutcharTarget
  C:5F05H         PUBLIC        _LCD_setTextSize
  C:53CEH         PUBLIC        _LCD_printCenter
  B:0098H.1       PUBLIC        TI0
  C:5BC7H         PUBLIC        _LCD_printHebln
  C:5F4EH         PUBLIC        _WriteCommand
  X:03C9H         PUBLIC        LCD
  C:59C5H         PUBLIC        LCD_SetParam
  C:5F57H         PUBLIC        LCD_WriteRAM_Prepare
  C:56C7H         PUBLIC        _LCD_setRotation
  B:00B0H.3       PUBLIC        LCD_RS
  C:5727H         PUBLIC        _LCD_printNumB
  C:5D4AH         PUBLIC        _LCD_printNumC
  C:5B99H         PUBLIC        _LCD_print2C
  C:5456H         PUBLIC        _LCD_printHebCenter
  B:00B0H.4       PUBLIC        LCD_WR
  C:5CDEH         PUBLIC        _LCD_printNumF
  C:4466H         PUBLIC        _LCD_DrawBitmap8
  C:5EF4H         PUBLIC        _LCD_setText1Color
  C:5C94H         PUBLIC        _LCD_printNumH
  C:5D78H         PUBLIC        _LCD_setText2Color
  C:5C6EH         PUBLIC        _LCD_printNumI
  D:0099H         PUBLIC        SBUF0
  C:4356H         PUBLIC        _LCD_write
  C:5221H         PUBLIC        _Byte2Bin
  C:4A3FH         PUBLIC        _LCD_print
  C:586CH         PUBLIC        _LCD_drawPixel
  C:5E64H         PUBLIC        _LCD_printHeb2C
  C:5EA2H         PUBLIC        _WriteData16
  C:3FB5H         PUBLIC        _LCD_printHeb
  C:518EH         PUBLIC        _Int2Bin
  C:5D02H         PUBLIC        _putchar
  C:57D2H         PUBLIC        _LCD_setAddrWindow
  C:5EE7H         SYMBOL        L?0207
  -------         PROC          L?0206
  -------         ENDPROC       L?0206
  C:5EE7H         SYMBOL        L?0207
  -------         PROC          _WRITEDATA
  D:0007H         SYMBOL        Data
  C:5EEBH         LINE#         23
  C:5EEBH         LINE#         24
  C:5EEBH         LINE#         25
  C:5EEDH         LINE#         26
  C:5EEFH         LINE#         28
  C:5EF1H         LINE#         29
  C:5EF3H         LINE#         30
  -------         ENDPROC       _WRITEDATA
  -------         PROC          _WRITECOMMAND
  D:0007H         SYMBOL        Reg
  C:5F4EH         LINE#         32
  C:5F4EH         LINE#         33
  C:5F4EH         LINE#         34
BL51 BANKED LINKER/LOCATER V6.22.2.0                                                  04/21/2023  10:38:39  PAGE 22


  C:5F50H         LINE#         35
  C:5F52H         LINE#         37
  C:5F54H         LINE#         38
  C:5F56H         LINE#         39
  -------         ENDPROC       _WRITECOMMAND
  -------         PROC          _WRITEDATA16
  D:0007H         SYMBOL        DH
  D:0005H         SYMBOL        DL
  C:5EA2H         LINE#         41
  C:5EA2H         LINE#         42
  C:5EA2H         LINE#         43
  C:5EA4H         LINE#         44
  C:5EA6H         LINE#         45
  C:5EA8H         LINE#         46
  C:5EAAH         LINE#         48
  C:5EAEH         LINE#         49
  C:5EB0H         LINE#         50
  C:5EB2H         LINE#         51
  -------         ENDPROC       _WRITEDATA16
  -------         PROC          LCD_WRITERAM_PREPARE
  C:5F57H         LINE#         54
  C:5F57H         LINE#         55
  C:5F57H         LINE#         56
  -------         ENDPROC       LCD_WRITERAM_PREPARE
  -------         PROC          LCD_BEGIN
  C:39FFH         LINE#         60
  C:39FFH         LINE#         61
  C:39FFH         LINE#         63
  C:3A04H         LINE#         64
  C:3A09H         LINE#         65
  C:3A0DH         LINE#         66
  C:3A11H         LINE#         67
  C:3A15H         LINE#         69
  C:3A1AH         LINE#         70
  C:3A1BH         LINE#         71
  C:3A1EH         LINE#         72
  C:3A23H         LINE#         73
  C:3A26H         LINE#         74
  C:3A2AH         LINE#         75
  C:3A2DH         LINE#         76
  C:3A2DH         LINE#         77
  C:3A30H         LINE#         78
  C:3A33H         LINE#         79
  C:3A36H         LINE#         80
  C:3A3BH         LINE#         81
  C:3A3EH         LINE#         82
  C:3A43H         LINE#         83
  C:3A48H         LINE#         84
  C:3A4CH         LINE#         86
  C:3A51H         LINE#         87
  C:3A55H         LINE#         89
  C:3A5AH         LINE#         90
  C:3A5FH         LINE#         91
  C:3A64H         LINE#         92
  C:3A68H         LINE#         93
  C:3A6DH         LINE#         94
  C:3A72H         LINE#         96
BL51 BANKED LINKER/LOCATER V6.22.2.0                                                  04/21/2023  10:38:39  PAGE 23


  C:3A77H         LINE#         97
  C:3A7CH         LINE#         99
  C:3A81H         LINE#         100
  C:3A85H         LINE#         101
  C:3A8AH         LINE#         102
  C:3A8FH         LINE#         103
  C:3A94H         LINE#         104
  C:3A99H         LINE#         105
  C:3A9DH         LINE#         106
  C:3AA2H         LINE#         107
  C:3AA7H         LINE#         108
  C:3AACH         LINE#         109
  C:3AB1H         LINE#         110
  C:3AB5H         LINE#         111
  C:3ABAH         LINE#         113
  C:3ABFH         LINE#         114
  C:3AC4H         LINE#         115
  C:3AC9H         LINE#         116
  C:3ACEH         LINE#         118
  C:3AD3H         LINE#         119
  C:3AD8H         LINE#         120
  C:3ADDH         LINE#         122
  C:3AE2H         LINE#         123
  C:3AE7H         LINE#         124
  C:3AECH         LINE#         126
  C:3AF1H         LINE#         127
  C:3AF6H         LINE#         128
  C:3AFBH         LINE#         130
  C:3B00H         LINE#         131
  C:3B05H         LINE#         132
  C:3B0AH         LINE#         134
  C:3B0FH         LINE#         135
  C:3B13H         LINE#         137
  C:3B18H         LINE#         138
  C:3B1DH         LINE#         140
  C:3B22H         LINE#         141
  C:3B27H         LINE#         143
  C:3B2CH         LINE#         144
  C:3B31H         LINE#         146
  C:3B33H         LINE#         147
  C:3B33H         LINE#         148
  C:3B36H         LINE#         149
  C:3B3AH         LINE#         150
  C:3B3FH         LINE#         152
  C:3B41H         LINE#         153
  C:3B41H         LINE#         154
  C:3B44H         LINE#         155
  C:3B48H         LINE#         156
  C:3B4DH         LINE#         157
  C:3B53H         LINE#         159
  C:3B58H         LINE#         160
  C:3B5FH         LINE#         162
  C:3B64H         LINE#         163
  C:3B69H         LINE#         165
  C:3B6EH         LINE#         166
  C:3B74H         LINE#         168
  C:3B77H         LINE#         169
BL51 BANKED LINKER/LOCATER V6.22.2.0                                                  04/21/2023  10:38:39  PAGE 24


  C:3B7CH         LINE#         170
  C:3B82H         LINE#         171
  C:3B87H         LINE#         172
  -------         ENDPROC       LCD_BEGIN
  -------         PROC          LCD_SETPARAM
  C:59C5H         LINE#         175
  C:59C5H         LINE#         176
  C:59C5H         LINE#         177
  C:59CEH         LINE#         178
  C:59D5H         LINE#         179
  C:59DEH         LINE#         181
  C:59E7H         LINE#         182
  C:59EFH         LINE#         183
  C:59F5H         LINE#         184
  C:59FCH         LINE#         185
  C:5A02H         LINE#         186
  C:5A06H         LINE#         187
  -------         ENDPROC       LCD_SETPARAM
  -------         PROC          _LCD_SETADDRWINDOW
  X:0366H         SYMBOL        xStar
  D:0004H         SYMBOL        yStar
  D:0002H         SYMBOL        xEnd
  X:036CH         SYMBOL        yEnd
  C:57D2H         LINE#         190
  C:57DAH         LINE#         191
  C:57DAH         LINE#         192
  C:57E3H         LINE#         193
  C:57EBH         LINE#         194
  C:57F1H         LINE#         195
  C:57F6H         LINE#         196
  C:57FBH         LINE#         198
  C:5804H         LINE#         199
  C:5809H         LINE#         200
  C:580EH         LINE#         201
  C:5816H         LINE#         202
  C:581CH         LINE#         204
  -------         ENDPROC       _LCD_SETADDRWINDOW
  -------         PROC          _LCD_FILLSCREEN
  X:031AH         SYMBOL        Color
  -------         DO            
  D:0006H         SYMBOL        i
  D:0004H         SYMBOL        j
  X:031CH         SYMBOL        DH
  D:0001H         SYMBOL        DL
  -------         ENDDO         
  C:54DEH         LINE#         208
  C:54E6H         LINE#         209
  C:54E6H         LINE#         212
  C:5510H         LINE#         214
  C:5512H         LINE#         215
  C:551DH         LINE#         216
  C:5521H         LINE#         218
  C:5530H         LINE#         219
  C:5530H         LINE#         220
  C:5540H         LINE#         221
  C:5540H         LINE#         222
  C:5546H         LINE#         223
BL51 BANKED LINKER/LOCATER V6.22.2.0                                                  04/21/2023  10:38:39  PAGE 25


  C:5548H         LINE#         224
  C:554AH         LINE#         226
  C:554CH         LINE#         228
  C:554EH         LINE#         229
  C:5550H         LINE#         231
  C:5557H         LINE#         232
  C:555EH         LINE#         233
  -------         ENDPROC       _LCD_FILLSCREEN
  -------         PROC          _LCD_DRAWPIXEL
  X:0360H         SYMBOL        x
  X:0362H         SYMBOL        y
  X:0364H         SYMBOL        Color
  C:586CH         LINE#         236
  C:5880H         LINE#         237
  C:5880H         LINE#         238
  C:58A7H         LINE#         239
  -------         ENDPROC       _LCD_DRAWPIXEL
  -------         PROC          _LCD_SETROTATION
  D:0007H         SYMBOL        Direction
  C:56C7H         LINE#         251
  C:56C7H         LINE#         253
  C:56CEH         LINE#         254
  C:56DBH         LINE#         255
  C:56DBH         LINE#         256
  C:56E0H         LINE#         257
  C:56E2H         LINE#         258
  C:56E2H         LINE#         259
  C:56E2H         LINE#         260
  C:56E4H         LINE#         261
  C:56E4H         LINE#         262
  C:56E9H         LINE#         263
  C:56EBH         LINE#         264
  C:56EBH         LINE#         265
  C:56EBH         LINE#         266
  C:56EDH         LINE#         267
  C:56EDH         LINE#         268
  C:56F2H         LINE#         269
  C:56F7H         LINE#         270
  C:5701H         LINE#         271
  C:5709H         LINE#         272
  C:570AH         LINE#         273
  C:570AH         LINE#         274
  C:570FH         LINE#         275
  C:5714H         LINE#         276
  C:571EH         LINE#         277
  C:5726H         LINE#         278
  C:5726H         LINE#         279
  C:5726H         LINE#         280
  -------         ENDPROC       _LCD_SETROTATION
  C:36ADH         SYMBOL        L?0205
  -------         PROC          L?0204
  -------         ENDPROC       L?0204
  C:36ADH         SYMBOL        L?0205
  -------         PROC          _PUTCHAR5_7
  X:034CH         SYMBOL        x
  X:034EH         SYMBOL        y
  D:0001H         SYMBOL        c
BL51 BANKED LINKER/LOCATER V6.22.2.0                                                  04/21/2023  10:38:39  PAGE 26


  X:0351H         SYMBOL        Size
  X:0353H         SYMBOL        Color
  -------         DO            
  X:0355H         SYMBOL        i
  X:0357H         SYMBOL        j
  X:0359H         SYMBOL        k
  X:035BH         SYMBOL        n
  X:035DH         SYMBOL        out_line
  -------         ENDDO         
  C:36D4H         LINE#         285
  C:36E4H         LINE#         286
  C:36E4H         LINE#         289
  C:36F2H         LINE#         290
  C:36F9H         LINE#         291
  C:36F9H         LINE#         292
  C:3718H         LINE#         293
  C:3718H         LINE#         295
  C:373FH         LINE#         297
  C:375CH         LINE#         298
  C:375CH         LINE#         299
  C:3770H         LINE#         300
  C:3770H         LINE#         301
  C:378FH         LINE#         302
  C:380DH         LINE#         303
  C:380DH         LINE#         304
  C:3821H         LINE#         305
  C:3835H         LINE#         306
  C:3857H         LINE#         307
  -------         ENDPROC       _PUTCHAR5_7
  C:2589H         SYMBOL        L?0203
  -------         PROC          L?0202
  -------         ENDPROC       L?0202
  C:2589H         SYMBOL        L?0203
  -------         PROC          _PUTCHAR5_7_2COLOR
  X:034CH         SYMBOL        x
  X:034EH         SYMBOL        y
  D:0001H         SYMBOL        c
  X:0351H         SYMBOL        Size
  X:0353H         SYMBOL        fColor
  X:0355H         SYMBOL        bColor
  -------         DO            
  X:0357H         SYMBOL        i
  X:0359H         SYMBOL        j
  X:035BH         SYMBOL        k
  X:035DH         SYMBOL        n
  X:035FH         SYMBOL        out_line
  -------         ENDDO         
  C:25BEH         LINE#         309
  C:25CEH         LINE#         310
  C:25CEH         LINE#         313
  C:25DCH         LINE#         315
  C:25E3H         LINE#         316
  C:25E3H         LINE#         318
  C:2602H         LINE#         319
  C:2602H         LINE#         320
  C:2611H         LINE#         321
  C:2630H         LINE#         323
BL51 BANKED LINKER/LOCATER V6.22.2.0                                                  04/21/2023  10:38:39  PAGE 27


  C:264DH         LINE#         324
  C:264DH         LINE#         325
  C:2661H         LINE#         326
  C:2661H         LINE#         327
  C:2680H         LINE#         328
  C:26FEH         LINE#         329
  C:26FEH         LINE#         331
  C:26FEH         LINE#         332
  C:271DH         LINE#         333
  C:279BH         LINE#         334
  C:279BH         LINE#         336
  C:27ACH         LINE#         337
  C:27BDH         LINE#         338
  C:27DFH         LINE#         340
  -------         ENDPROC       _PUTCHAR5_7_2COLOR
  -------         PROC          _LCD_SETCURSOR
  D:0006H         SYMBOL        x
  D:0004H         SYMBOL        y
  C:5EB3H         LINE#         342
  C:5EB3H         LINE#         343
  C:5EB3H         LINE#         344
  C:5EBBH         LINE#         345
  C:5EC3H         LINE#         346
  -------         ENDPROC       _LCD_SETCURSOR
  -------         PROC          _LCD_SETTEXT1COLOR
  D:0006H         SYMBOL        Color
  C:5EF4H         LINE#         349
  C:5EF4H         LINE#         350
  C:5EF4H         LINE#         351
  C:5EF9H         LINE#         352
  C:5F01H         LINE#         354
  -------         ENDPROC       _LCD_SETTEXT1COLOR
  -------         PROC          L?0208
  -------         ENDPROC       L?0208
  -------         PROC          _LCD_SETTEXT2COLOR
  D:0006H         SYMBOL        Color
  D:0004H         SYMBOL        background
  C:5D78H         LINE#         355
  C:5D78H         LINE#         356
  C:5D78H         LINE#         357
  C:5D7EH         LINE#         358
  C:5D86H         LINE#         359
  C:5D8EH         LINE#         361
  -------         ENDPROC       _LCD_SETTEXT2COLOR
  -------         PROC          L?0209
  -------         ENDPROC       L?0209
  -------         PROC          _LCD_SETTEXTSIZE
  D:0007H         SYMBOL        fontSize
  C:5F05H         LINE#         363
  C:5F05H         LINE#         364
  C:5F05H         LINE#         365
  C:5F0DH         LINE#         366
  -------         ENDPROC       _LCD_SETTEXTSIZE
  -------         PROC          _LCD_PRINT
  X:0332H         SYMBOL        s
  C:4A3FH         LINE#         369
  C:4A4AH         LINE#         370
BL51 BANKED LINKER/LOCATER V6.22.2.0                                                  04/21/2023  10:38:39  PAGE 28


  C:4A4AH         LINE#         371
  C:4A5EH         LINE#         373
  C:4A67H         LINE#         374
  C:4A6CH         LINE#         376
  C:4A76H         LINE#         378
  C:4A80H         LINE#         379
  C:4ABEH         LINE#         380
  C:4ABEH         LINE#         381
  C:4AC5H         LINE#         382
  C:4B10H         LINE#         383
  C:4B17H         LINE#         384
  C:4B17H         LINE#         385
  C:4B1AH         LINE#         386
  -------         ENDPROC       _LCD_PRINT
  -------         PROC          _LCD_PRINTLN
  X:04E3H         SYMBOL        s
  C:40F6H         LINE#         389
  C:4101H         LINE#         390
  C:4101H         LINE#         391
  C:4115H         LINE#         392
  C:4115H         LINE#         393
  C:411EH         LINE#         394
  C:4123H         LINE#         396
  C:412DH         LINE#         398
  C:4137H         LINE#         399
  C:4175H         LINE#         400
  C:4175H         LINE#         401
  C:417CH         LINE#         402
  C:41C7H         LINE#         403
  C:41CEH         LINE#         404
  C:41CEH         LINE#         405
  C:41CEH         LINE#         406
  C:41D1H         LINE#         407
  C:41D8H         LINE#         408
  C:4221H         LINE#         409
  C:4228H         LINE#         410
  -------         ENDPROC       _LCD_PRINTLN
  -------         PROC          _LCD_PRINTC
  X:0327H         SYMBOL        x
  D:0004H         SYMBOL        y
  D:0001H         SYMBOL        s
  X:032EH         SYMBOL        fontSize
  X:0330H         SYMBOL        Color
  C:5C47H         LINE#         413
  C:5C4FH         LINE#         414
  C:5C4FH         LINE#         416
  C:5C5AH         LINE#         417
  C:5C60H         LINE#         418
  C:5C6BH         LINE#         419
  -------         ENDPROC       _LCD_PRINTC
  -------         PROC          _LCD_PRINT2C
  X:0312H         SYMBOL        x
  X:0314H         SYMBOL        y
  D:0001H         SYMBOL        s
  X:0319H         SYMBOL        fontSize
  X:031BH         SYMBOL        fColor
  X:031DH         SYMBOL        bColor
BL51 BANKED LINKER/LOCATER V6.22.2.0                                                  04/21/2023  10:38:39  PAGE 29


  C:5B99H         LINE#         424
  C:5BA7H         LINE#         425
  C:5BA7H         LINE#         427
  C:5BADH         LINE#         428
  C:5BB3H         LINE#         429
  C:5BC4H         LINE#         430
  -------         ENDPROC       _LCD_PRINT2C
  -------         PROC          _LCD_PRINTCENTER
  X:045AH         SYMBOL        x
  X:045CH         SYMBOL        y
  X:045EH         SYMBOL        str
  X:0461H         SYMBOL        fontSize
  X:0462H         SYMBOL        fColor
  X:0464H         SYMBOL        bColor
  -------         DO            
  D:0006H         SYMBOL        len
  D:0006H         SYMBOL        x1
  -------         ENDDO         
  C:53CEH         LINE#         437
  C:53E5H         LINE#         438
  C:53E5H         LINE#         439
  C:53E8H         LINE#         440
  C:5409H         LINE#         441
  -------         ENDPROC       _LCD_PRINTCENTER
  -------         PROC          _LCD_PRINTHEB
  X:04BEH         SYMBOL        str
  -------         DO            
  X:04C1H         SYMBOL        i
  X:04C3H         SYMBOL        temp
  -------         ENDDO         
  C:3FB5H         LINE#         446
  C:3FC0H         LINE#         447
  C:3FC0H         LINE#         451
  C:3FEEH         LINE#         452
  C:3FFCH         LINE#         454
  C:400AH         LINE#         455
  C:4029H         LINE#         456
  C:4037H         LINE#         457
  C:4037H         LINE#         458
  C:4040H         LINE#         459
  C:404FH         LINE#         461
  C:405BH         LINE#         464
  C:4099H         LINE#         465
  C:4099H         LINE#         466
  C:40A0H         LINE#         467
  C:40EBH         LINE#         468
  C:40F2H         LINE#         469
  C:40F2H         LINE#         470
  C:40F2H         LINE#         471
  C:40F5H         LINE#         472
  -------         ENDPROC       _LCD_PRINTHEB
  -------         PROC          _LCD_PRINTHEBLN
  D:0001H         SYMBOL        str
  C:5BC7H         LINE#         474
  C:5BC7H         LINE#         475
  C:5BC7H         LINE#         476
  C:5BCAH         LINE#         477
BL51 BANKED LINKER/LOCATER V6.22.2.0                                                  04/21/2023  10:38:39  PAGE 30


  C:5BD1H         LINE#         478
  C:5BF3H         LINE#         479
  -------         ENDPROC       _LCD_PRINTHEBLN
  -------         PROC          _LCD_PRINTHEBC
  D:0006H         SYMBOL        x
  D:0004H         SYMBOL        y
  D:0001H         SYMBOL        str
  X:0479H         SYMBOL        fontSize
  X:047BH         SYMBOL        fColor
  C:5DEBH         LINE#         482
  C:5DEBH         LINE#         483
  C:5DEBH         LINE#         484
  C:5DEEH         LINE#         485
  C:5DF7H         LINE#         486
  C:5E02H         LINE#         487
  -------         ENDPROC       _LCD_PRINTHEBC
  -------         PROC          _LCD_PRINTHEB2C
  D:0006H         SYMBOL        x
  D:0004H         SYMBOL        y
  D:0001H         SYMBOL        str
  X:0454H         SYMBOL        fontSize
  X:0456H         SYMBOL        fColor
  X:0458H         SYMBOL        bColor
  C:5E64H         LINE#         490
  C:5E64H         LINE#         491
  C:5E64H         LINE#         492
  C:5E67H         LINE#         493
  C:5E70H         LINE#         494
  C:5E76H         LINE#         495
  -------         ENDPROC       _LCD_PRINTHEB2C
  -------         PROC          _LCD_PRINTHEBCENTER
  X:0466H         SYMBOL        x
  X:0468H         SYMBOL        y
  X:046AH         SYMBOL        str
  X:046DH         SYMBOL        fontSize
  X:046EH         SYMBOL        fColor
  X:0470H         SYMBOL        bColor
  -------         DO            
  D:0006H         SYMBOL        len
  D:0006H         SYMBOL        x1
  -------         ENDDO         
  C:5456H         LINE#         498
  C:546DH         LINE#         499
  C:546DH         LINE#         500
  C:5470H         LINE#         501
  C:5491H         LINE#         502
  -------         ENDPROC       _LCD_PRINTHEBCENTER
  -------         PROC          _LCD_DRAWBITMAP8
  X:0413H         SYMBOL        x
  X:0415H         SYMBOL        y
  X:0417H         SYMBOL        SizeX
  X:0419H         SYMBOL        SizeY
  X:041BH         SYMBOL        pic
  -------         DO            
  X:041EH         SYMBOL        i
  D:0004H         SYMBOL        j
  X:0420H         SYMBOL        k
BL51 BANKED LINKER/LOCATER V6.22.2.0                                                  04/21/2023  10:38:39  PAGE 31


  -------         ENDDO         
  C:4466H         LINE#         513
  C:447CH         LINE#         514
  C:447CH         LINE#         515
  C:4483H         LINE#         517
  C:44C9H         LINE#         518
  C:44CBH         LINE#         519
  C:44EAH         LINE#         520
  C:44FAH         LINE#         521
  C:44FAH         LINE#         523
  C:451EH         LINE#         524
  C:4520H         LINE#         525
  C:4522H         LINE#         527
  C:4543H         LINE#         528
  C:4545H         LINE#         529
  C:4547H         LINE#         531
  C:4555H         LINE#         532
  C:4570H         LINE#         533
  -------         ENDPROC       _LCD_DRAWBITMAP8
  -------         PROC          _LCD_DRAWBITMAP16
  X:0422H         SYMBOL        x
  X:0424H         SYMBOL        y
  X:0426H         SYMBOL        SizeX
  X:0428H         SYMBOL        SizeY
  X:042AH         SYMBOL        pic
  -------         DO            
  X:042DH         SYMBOL        i
  D:0004H         SYMBOL        j
  X:042FH         SYMBOL        k
  -------         ENDDO         
  C:4958H         LINE#         536
  C:496EH         LINE#         537
  C:496EH         LINE#         538
  C:4975H         LINE#         539
  C:49BCH         LINE#         540
  C:49BEH         LINE#         542
  C:49DAH         LINE#         543
  C:49EAH         LINE#         544
  C:49EAH         LINE#         545
  C:4A0FH         LINE#         546
  C:4A11H         LINE#         547
  C:4A13H         LINE#         549
  C:4A15H         LINE#         550
  C:4A17H         LINE#         551
  C:4A19H         LINE#         553
  C:4A27H         LINE#         554
  C:4A3EH         LINE#         555
  -------         ENDPROC       _LCD_DRAWBITMAP16
  -------         PROC          _LCD_PRINTNUMF
  D:0004H         SYMBOL        num
  -------         DO            
  X:03DFH         SYMBOL        str
  -------         ENDDO         
  C:5CDEH         LINE#         574
  C:5CDEH         LINE#         575
  C:5CDEH         LINE#         577
  C:5CF9H         LINE#         578
BL51 BANKED LINKER/LOCATER V6.22.2.0                                                  04/21/2023  10:38:39  PAGE 32


  -------         ENDPROC       _LCD_PRINTNUMF
  -------         PROC          _LCD_PRINTNUMI
  D:0006H         SYMBOL        num
  -------         DO            
  X:047DH         SYMBOL        str
  -------         ENDDO         
  C:5C6EH         LINE#         581
  C:5C6EH         LINE#         582
  C:5C6EH         LINE#         584
  C:5C8BH         LINE#         585
  -------         ENDPROC       _LCD_PRINTNUMI
  -------         PROC          _LCD_PRINTNUMC
  D:0007H         SYMBOL        num
  -------         DO            
  X:04D0H         SYMBOL        str
  -------         ENDDO         
  C:5D4AH         LINE#         588
  C:5D4AH         LINE#         589
  C:5D4AH         LINE#         591
  C:5D64H         LINE#         592
  -------         ENDPROC       _LCD_PRINTNUMC
  -------         PROC          _LCD_PRINTNUMH
  D:0006H         SYMBOL        num
  -------         DO            
  X:04D5H         SYMBOL        str
  -------         ENDDO         
  C:5C94H         LINE#         595
  C:5C94H         LINE#         596
  C:5C94H         LINE#         598
  C:5CB1H         LINE#         599
  -------         ENDPROC       _LCD_PRINTNUMH
  -------         PROC          _LCD_PRINTNUMB
  D:0001H         SYMBOL        num
  -------         DO            
  X:0487H         SYMBOL        str
  D:0004H         SYMBOL        i
  -------         ENDDO         
  C:5727H         LINE#         602
  C:5729H         LINE#         603
  C:5729H         LINE#         606
  C:572CH         LINE#         607
  C:572CH         LINE#         608
  C:5769H         LINE#         609
  C:5774H         LINE#         610
  C:5779H         LINE#         612
  -------         ENDPROC       _LCD_PRINTNUMB
  -------         PROC          _INT2BIN
  X:04B7H         SYMBOL        num
  X:04B9H         SYMBOL        str
  -------         DO            
  X:04BCH         SYMBOL        i
  -------         ENDDO         
  C:518EH         LINE#         615
  C:519FH         LINE#         616
  C:519FH         LINE#         618
  C:51B6H         LINE#         619
  C:51B6H         LINE#         620
BL51 BANKED LINKER/LOCATER V6.22.2.0                                                  04/21/2023  10:38:39  PAGE 33


  C:51FFH         LINE#         621
  C:520FH         LINE#         622
  -------         ENDPROC       _INT2BIN
  -------         PROC          _BYTE2BIN
  X:04C4H         SYMBOL        num
  X:04C5H         SYMBOL        str
  -------         DO            
  X:04C8H         SYMBOL        i
  -------         ENDDO         
  C:5221H         LINE#         625
  C:522FH         LINE#         626
  C:522FH         LINE#         628
  C:5246H         LINE#         629
  C:5246H         LINE#         630
  C:5292H         LINE#         631
  C:52A2H         LINE#         632
  -------         ENDPROC       _BYTE2BIN
  -------         PROC          _SETTARGET
[...]
  C:4D94H         LINE#         200
  C:4D9CH         LINE#         201
  C:4DC2H         LINE#         203
  C:4DCAH         LINE#         204
  C:4DD5H         LINE#         206
  C:4DDDH         LINE#         207
  C:4E0FH         LINE#         210
BL51 BANKED LINKER/LOCATER V6.22.2.0                                                  04/21/2023  10:38:39  PAGE 45


  C:4E36H         LINE#         213
  C:4E4CH         LINE#         214
  C:4E4DH         LINE#         216
  C:4E51H         LINE#         217
  -------         ENDPROC       READTOUCHX
  -------         PROC          READTOUCHY
  -------         DO            
  X:0310H         SYMBOL        _y
  -------         ENDDO         
  C:4B1BH         LINE#         219
  C:4B1BH         LINE#         220
  C:4B1BH         LINE#         224
  C:4B23H         LINE#         225
  C:4B4FH         LINE#         227
  C:4B57H         LINE#         228
  C:4B7CH         LINE#         230
  C:4B84H         LINE#         231
  C:4B9BH         LINE#         233
  C:4BCAH         LINE#         236
  C:4BE8H         LINE#         237
  C:4BEDH         LINE#         239
  C:4BF1H         LINE#         240
  -------         ENDPROC       READTOUCHY
  -------         PROC          TOUCHCAL
  -------         DO            
  X:03AAH         SYMBOL        str
  -------         ENDDO         
  C:2EB2H         LINE#         244
  C:2EB2H         LINE#         245
  C:2EB2H         LINE#         248
  C:2EB7H         LINE#         249
  C:2EBDH         LINE#         250
  C:2EC7H         LINE#         251
  C:2ECCH         LINE#         252
  C:2ED7H         LINE#         253
  C:2EE0H         LINE#         255
  C:2EE3H         LINE#         256
  C:2EEAH         LINE#         258
  C:2F01H         LINE#         259
  C:2F18H         LINE#         260
  C:2F2FH         LINE#         262
  C:2F32H         LINE#         263
  C:2F39H         LINE#         265
  C:2F44H         LINE#         266
  C:2F4FH         LINE#         268
  C:2F52H         LINE#         269
  C:2F65H         LINE#         270
  C:2F6CH         LINE#         272
  C:2F97H         LINE#         273
  C:2FC2H         LINE#         274
  C:2FEDH         LINE#         278
  C:2FF0H         LINE#         279
  C:2FF7H         LINE#         281
  C:3002H         LINE#         282
  C:300DH         LINE#         283
  C:3010H         LINE#         284
  C:3039H         LINE#         285
BL51 BANKED LINKER/LOCATER V6.22.2.0                                                  04/21/2023  10:38:39  PAGE 46


  C:3040H         LINE#         288
  C:304BH         LINE#         290
  C:309EH         LINE#         291
  C:30A7H         LINE#         292
  C:30B2H         LINE#         293
  C:30BBH         LINE#         294
  C:30C4H         LINE#         296
  C:30C7H         LINE#         297
  -------         ENDPROC       TOUCHCAL
  -------         PROC          _TOUCHSET
  D:0006H         SYMBOL        xs1
  D:0004H         SYMBOL        xs2
  D:0002H         SYMBOL        ys1
  X:031CH         SYMBOL        ys2
  C:5BF4H         LINE#         301
  C:5BF4H         LINE#         302
  C:5BF4H         LINE#         303
  C:5C1FH         LINE#         304
  -------         ENDPROC       _TOUCHSET
  -------         ENDMOD        TOUCH

  -------         MODULE        24C32SYS
  C:0000H         SYMBOL        _ICE_DUMMY_
  C:581FH         PUBLIC        _R24c32
  D:00B0H         PUBLIC        P3
  C:5982H         PUBLIC        _W24c32
  -------         PROC          _W24C32
  X:04DFH         SYMBOL        devAdr
  X:04E0H         SYMBOL        add
  X:04E2H         SYMBOL        outchar
  -------         DO            
  B:0021H.1       SYMBOL        ask
  -------         ENDDO         
  C:5982H         LINE#         6
  C:5990H         LINE#         7
  C:5990H         LINE#         8
  C:5992H         LINE#         9
  C:5995H         LINE#         10
  C:59A3H         LINE#         11
  C:59A3H         LINE#         13
  C:59AEH         LINE#         14
  C:59B8H         LINE#         15
  C:59B8H         LINE#         16
  C:59BBH         LINE#         17
  C:59C2H         LINE#         18
  C:59C4H         LINE#         20
  -------         ENDPROC       _W24C32
  -------         PROC          _R24C32
  X:0316H         SYMBOL        devAdr
  X:0317H         SYMBOL        add
  -------         DO            
  X:0319H         SYMBOL        inchar
  -------         ENDDO         
  C:581FH         LINE#         23
  C:582AH         LINE#         24
  C:582AH         LINE#         26
  C:582DH         LINE#         27
BL51 BANKED LINKER/LOCATER V6.22.2.0                                                  04/21/2023  10:38:39  PAGE 47


  C:5830H         LINE#         28
  C:583EH         LINE#         29
  C:583EH         LINE#         31
  C:5847H         LINE#         33
  C:584AH         LINE#         34
  C:584DH         LINE#         36
  C:5859H         LINE#         37
  C:5863H         LINE#         38
  C:5863H         LINE#         39
  C:5866H         LINE#         40
  C:586BH         LINE#         41
  -------         ENDPROC       _R24C32
  -------         ENDMOD        24C32SYS

  -------         MODULE        I2CSYS
  C:0000H         SYMBOL        _ICE_DUMMY_
  D:00B0H         PUBLIC        P3
  C:5F0EH         PUBLIC        start
  B:00B0H.1       PUBLIC        sda
  B:00B0H.0       PUBLIC        scl
  C:5E8EH         PUBLIC        stop
  C:55DCH         PUBLIC        readbyte
  C:555FH         PUBLIC        _writebyte
  -------         PROC          START
  C:5F0EH         LINE#         10
  C:5F0EH         LINE#         11
  C:5F0EH         LINE#         12
  C:5F10H         LINE#         13
  C:5F17H         LINE#         14
  C:5F19H         LINE#         15
  -------         ENDPROC       START
  -------         PROC          STOP
  C:5E8EH         LINE#         18
  C:5E8EH         LINE#         19
  C:5E8EH         LINE#         20
  C:5E90H         LINE#         21
  C:5E92H         LINE#         22
  C:5E99H         LINE#         23
  C:5E9BH         LINE#         24
  -------         ENDPROC       STOP
  -------         PROC          _WRITEBYTE
  X:031AH         SYMBOL        outchar
  -------         DO            
  B:0020H.0       SYMBOL        ack
  X:031BH         SYMBOL        i
  -------         ENDDO         
  C:555FH         LINE#         28
  C:5564H         LINE#         29
  C:5564H         LINE#         33
  C:557BH         LINE#         34
  C:557BH         LINE#         35
  C:5598H         LINE#         36
  C:559FH         LINE#         37
  C:55A1H         LINE#         38
  C:55A8H         LINE#         39
  C:55AAH         LINE#         40
  C:55BAH         LINE#         43
BL51 BANKED LINKER/LOCATER V6.22.2.0                                                  04/21/2023  10:38:39  PAGE 48


  C:55C1H         LINE#         45
  C:55C3H         LINE#         46
  C:55C5H         LINE#         47
  C:55CCH         LINE#         48
  C:55D0H         LINE#         49
  C:55D2H         LINE#         50
  C:55D9H         LINE#         51
  C:55DBH         LINE#         52
  -------         ENDPROC       _WRITEBYTE
  -------         PROC          READBYTE
  B:0020H.0       SYMBOL        ask_master
  -------         DO            
  X:031AH         SYMBOL        inchar
  X:031BH         SYMBOL        i
  -------         ENDDO         
  C:55DCH         LINE#         55
  C:55DCH         LINE#         56
  C:55DCH         LINE#         57
  C:55E1H         LINE#         59
  C:55E3H         LINE#         60
  C:55E7H         LINE#         61
  C:55E7H         LINE#         62
  C:55E9H         LINE#         63
  C:55F0H         LINE#         65
  C:560AH         LINE#         66
  C:560CH         LINE#         67
  C:5613H         LINE#         68
  C:5632H         LINE#         72
  C:5636H         LINE#         73
  C:563DH         LINE#         74
  C:563FH         LINE#         75
  C:5646H         LINE#         76
  C:5648H         LINE#         77
  C:564FH         LINE#         78
  C:5654H         LINE#         79
  -------         ENDPROC       READBYTE
  -------         ENDMOD        I2CSYS

  -------         MODULE        ISD4004SPI
  C:0000H         SYMBOL        _ICE_DUMMY_
  D:00A2H         PUBLIC        SPI0CKR
  C:5AFEH         PUBLIC        _reverse
  D:00A0H         PUBLIC        P2
  D:00B0H         PUBLIC        P3
  C:5AC3H         PUBLIC        ReadStatus
  C:5A48H         PUBLIC        _Play
  B:00A0H.0       PUBLIC        SS
  B:00F8H.7       PUBLIC        SPIF
  B:00B0H.6       PUBLIC        rec
  C:5DBDH         PUBLIC        _SpiWrite
  C:5A0EH         PUBLIC        _SpiWriteAddCode
  C:58B4H         PUBLIC        _PlayI
  C:5655H         PUBLIC        _Record
  B:00A0H.1       PUBLIC        INT
  D:00A3H         PUBLIC        SPI0DAT
  -------         PROC          L?0024
  -------         ENDPROC       L?0024
BL51 BANKED LINKER/LOCATER V6.22.2.0                                                  04/21/2023  10:38:39  PAGE 49


  -------         PROC          _SPIWRITE
  D:0007H         SYMBOL        cod
  C:5DBDH         LINE#         11
  C:5DBDH         LINE#         12
  C:5DBDH         LINE#         13
  C:5DBFH         LINE#         14
  C:5DC1H         LINE#         15
  C:5DC6H         LINE#         16
  C:5DC9H         LINE#         17
  C:5DCBH         LINE#         18
  C:5DCDH         LINE#         19
  -------         ENDPROC       _SPIWRITE
  -------         PROC          L?0025
  -------         ENDPROC       L?0025
  -------         PROC          _SPIWRITEADDCODE
  X:0315H         SYMBOL        add
  X:0317H         SYMBOL        cod
  C:5A0EH         LINE#         23
  C:5A1BH         LINE#         24
  C:5A1BH         LINE#         25
  C:5A1DH         LINE#         26
  C:5A1FH         LINE#         27
  C:5A24H         LINE#         28
  C:5A27H         LINE#         29
  C:5A29H         LINE#         30
  C:5A33H         LINE#         31
  C:5A36H         LINE#         32
  C:5A38H         LINE#         33
  C:5A42H         LINE#         34
  C:5A45H         LINE#         35
  C:5A47H         LINE#         36
  -------         ENDPROC       _SPIWRITEADDCODE
  -------         PROC          _PLAY
  X:04E6H         SYMBOL        add
  -------         DO            
  X:04E8H         SYMBOL        temp
  -------         ENDDO         
  C:5A48H         LINE#         40
  C:5A50H         LINE#         41
  C:5A50H         LINE#         43
  C:5A54H         LINE#         44
  C:5A57H         LINE#         46
  C:5A69H         LINE#         48
  C:5A6CH         LINE#         49
  C:5A73H         LINE#         50
  C:5A79H         LINE#         55
  C:5A80H         LINE#         57
  C:5A86H         LINE#         58
  -------         ENDPROC       _PLAY
  -------         PROC          _PLAYI
  X:0312H         SYMBOL        add
  -------         DO            
  X:0314H         SYMBOL        temp
  -------         ENDDO         
  C:58B4H         LINE#         60
  C:58BCH         LINE#         61
  C:58BCH         LINE#         63
BL51 BANKED LINKER/LOCATER V6.22.2.0                                                  04/21/2023  10:38:39  PAGE 50


  C:58C0H         LINE#         64
  C:58C3H         LINE#         66
  C:58D5H         LINE#         68
  C:58D8H         LINE#         69
  C:58DFH         LINE#         70
  C:58E5H         LINE#         72
  C:58E8H         LINE#         73
  C:58EDH         LINE#         75
  C:58F4H         LINE#         77
  C:58FAH         LINE#         78
  -------         ENDPROC       _PLAYI
  -------         PROC          _RECORD
  X:0310H         SYMBOL        add
  -------         DO            
  X:0312H         SYMBOL        temp
  -------         ENDDO         
  C:5655H         LINE#         82
  C:565DH         LINE#         83
  C:565DH         LINE#         85
  C:5661H         LINE#         86
  C:5664H         LINE#         88
  C:5682H         LINE#         89
  C:5685H         LINE#         90
  C:568CH         LINE#         92
  C:5691H         LINE#         93
  C:5698H         LINE#         94
  C:569DH         LINE#         95
  C:56A4H         LINE#         96
  C:56B1H         LINE#         97
  C:56B4H         LINE#         98
  C:56B9H         LINE#         99
  C:56C0H         LINE#         101
  C:56C6H         LINE#         102
  -------         ENDPROC       _RECORD
  -------         PROC          READSTATUS
  -------         DO            
  X:04DAH         SYMBOL        temp
  X:04DBH         SYMBOL        status
  -------         ENDDO         
  C:5AC3H         LINE#         105
  C:5AC3H         LINE#         106
  C:5AC3H         LINE#         108
  C:5ACDH         LINE#         109
  C:5AD3H         LINE#         110
  C:5AD6H         LINE#         112
  C:5AD8H         LINE#         114
  C:5ADAH         LINE#         115
  C:5ADDH         LINE#         116
  C:5AE0H         LINE#         117
  C:5AEFH         LINE#         119
  C:5AF1H         LINE#         120
  C:5AF7H         LINE#         122
  C:5AFDH         LINE#         123
  -------         ENDPROC       READSTATUS
  -------         PROC          _REVERSE
  X:0318H         SYMBOL        num
  C:5AFEH         LINE#         127
BL51 BANKED LINKER/LOCATER V6.22.2.0                                                  04/21/2023  10:38:39  PAGE 51


  C:5B03H         LINE#         128
  C:5B03H         LINE#         129
  C:5B12H         LINE#         130
  C:5B23H         LINE#         131
  C:5B30H         LINE#         132
  C:5B32H         LINE#         133
  -------         ENDPROC       _REVERSE
  -------         ENDMOD        ISD4004SPI

  -------         MODULE        ?C?FPADD
  C:000AH         PUBLIC        ?C?FPADD
  C:0006H         PUBLIC        ?C?FPSUB
  -------         ENDMOD        ?C?FPADD

  -------         MODULE        ?C?FPMUL
  C:00FBH         PUBLIC        ?C?FPMUL
  -------         ENDMOD        ?C?FPMUL

  -------         MODULE        ?C?FPDIV
  C:0204H         PUBLIC        ?C?FPDIV
  -------         ENDMOD        ?C?FPDIV

  -------         MODULE        ?C?FCAST
  C:02ABH         PUBLIC        ?C?FCASTC
  C:02A6H         PUBLIC        ?C?FCASTI
  C:02A1H         PUBLIC        ?C?FCASTL
  -------         ENDMOD        ?C?FCAST

  -------         MODULE        ?C?CASTF
  C:02DFH         PUBLIC        ?C?CASTF
  -------         ENDMOD        ?C?CASTF

  -------         MODULE        PRINTF
  X:031AH         PUBLIC        ?_PRINTF?BYTE
  X:031AH         PUBLIC        ?_SPRINTF?BYTE
  C:0F2FH         PUBLIC        _PRINTF
  C:0F29H         PUBLIC        _SPRINTF
  -------         ENDMOD        PRINTF

  -------         MODULE        SQRT
  C:4F0EH         PUBLIC        _SQRT
  -------         ENDMOD        SQRT

  -------         MODULE        SIN
  C:3BD9H         PUBLIC        _COS
  C:3BEFH         PUBLIC        _SIN
  C:3C2BH         PUBLIC        _TAN
  -------         ENDMOD        SIN

  -------         MODULE        ?C?FPROUND
  C:0360H         PUBLIC        ?C?FPROUND
  -------         ENDMOD        ?C?FPROUND

  -------         MODULE        ?C?FPCONVERT
  C:039DH         PUBLIC        ?C?FPCONVERT
  -------         ENDMOD        ?C?FPCONVERT

BL51 BANKED LINKER/LOCATER V6.22.2.0                                                  04/21/2023  10:38:39  PAGE 52


  -------         MODULE        ?C?FTNPWR
  C:051FH         PUBLIC        ?C?FTNPWR
  -------         ENDMOD        ?C?FTNPWR

  -------         MODULE        ?C?CLDPTR
  C:055FH         PUBLIC        ?C?CLDPTR
  -------         ENDMOD        ?C?CLDPTR

  -------         MODULE        ?C?CLDOPTR
  C:0578H         PUBLIC        ?C?CLDOPTR
  -------         ENDMOD        ?C?CLDOPTR

  -------         MODULE        ?C?CSTPTR
  C:05A5H         PUBLIC        ?C?CSTPTR
  -------         ENDMOD        ?C?CSTPTR

  -------         MODULE        ?C?CSTOPTR
  C:05B7H         PUBLIC        ?C?CSTOPTR
  -------         ENDMOD        ?C?CSTOPTR

  -------         MODULE        ?C?IMUL
  C:05D9H         PUBLIC        ?C?IMUL
  -------         ENDMOD        ?C?IMUL

  -------         MODULE        ?C?SIDIV
  C:05EBH         PUBLIC        ?C?SIDIV
  -------         ENDMOD        ?C?SIDIV

  -------         MODULE        ?C?IILDX
  C:0621H         PUBLIC        ?C?IILDX
  -------         ENDMOD        ?C?IILDX

  -------         MODULE        ?C?ILDIX
  C:0637H         PUBLIC        ?C?ILDIX
  -------         ENDMOD        ?C?ILDIX

  -------         MODULE        ?C?ILDPTR
  C:064DH         PUBLIC        ?C?ILDPTR
  -------         ENDMOD        ?C?ILDPTR

  -------         MODULE        ?C?ILDOPTR
  C:0678H         PUBLIC        ?C?ILDOPTR
  -------         ENDMOD        ?C?ILDOPTR

  -------         MODULE        ?C?ISTPTR
  C:06B0H         PUBLIC        ?C?ISTPTR
  -------         ENDMOD        ?C?ISTPTR

  -------         MODULE        ?C?LMUL
  C:06CFH         PUBLIC        ?C?LMUL
  -------         ENDMOD        ?C?LMUL

  -------         MODULE        ?C?SLDIV
  C:58FBH         PUBLIC        ?C?SLDIV
  -------         ENDMOD        ?C?SLDIV

  -------         MODULE        ?C?LNEG
BL51 BANKED LINKER/LOCATER V6.22.2.0                                                  04/21/2023  10:38:39  PAGE 53


  C:071EH         PUBLIC        ?C?LNEG
  -------         ENDMOD        ?C?LNEG

  -------         MODULE        ?C?LLDXDATA
  C:072CH         PUBLIC        ?C?LLDXDATA
  -------         ENDMOD        ?C?LLDXDATA

  -------         MODULE        ?C?LLDCODE
  C:0738H         PUBLIC        ?C?LLDCODE
  -------         ENDMOD        ?C?LLDCODE

  -------         MODULE        ?C?LLDXDATA0
  C:0748H         PUBLIC        ?C?LLDXDATA0
  -------         ENDMOD        ?C?LLDXDATA0

  -------         MODULE        ?C?LLDCODE0
  C:0754H         PUBLIC        ?C?LLDCODE0
  -------         ENDMOD        ?C?LLDCODE0

  -------         MODULE        ?C?LSTXDATA
  C:0764H         PUBLIC        ?C?LSTXDATA
  -------         ENDMOD        ?C?LSTXDATA

  -------         MODULE        ?C?LSTKXDATA
  C:0770H         PUBLIC        ?C?LSTKXDATA
  -------         ENDMOD        ?C?LSTKXDATA

  -------         MODULE        ?C?OFFXADD
  C:07A1H         PUBLIC        ?C?OFFXADD
  -------         ENDMOD        ?C?OFFXADD

  -------         MODULE        ?C?PLDIXDATA
  C:07ADH         PUBLIC        ?C?PLDIXDATA
  -------         ENDMOD        ?C?PLDIXDATA

  -------         MODULE        ?C?PSTXDATA
  C:07C4H         PUBLIC        ?C?PSTXDATA
  -------         ENDMOD        ?C?PSTXDATA

  -------         MODULE        ?C?CCASE
  C:07CDH         PUBLIC        ?C?CCASE
  -------         ENDMOD        ?C?CCASE

  -------         MODULE        ABS
  C:5F1AH         PUBLIC        _ABS
  -------         ENDMOD        ABS

  -------         MODULE        STRLEN
  C:5E79H         PUBLIC        _STRLEN
  -------         ENDMOD        STRLEN

  -------         MODULE        ?C?UIDIV
  C:07F3H         PUBLIC        ?C?UIDIV
  -------         ENDMOD        ?C?UIDIV

  -------         MODULE        ?C?ULDIV
  C:0884H         PUBLIC        ?C?ULDIV
BL51 BANKED LINKER/LOCATER V6.22.2.0                                                  04/21/2023  10:38:39  PAGE 54


  -------         ENDMOD        ?C?ULDIV

Program Size: data=15.2 xdata=1257 code=24434
LINK/LOCATE RUN COMPLETE.  0 WARNING(S),  0 ERROR(S)
